******************************************************************************
                  TI ARM Linker PC v16.9.0                     
******************************************************************************
>> Linked Sun Mar 10 21:13:17 2019

OUTPUT FILE NAME:   <LogisticsCar.out>
ENTRY POINT SYMBOL: "_c_int00"  address: 0000249d


MEMORY CONFIGURATION

         name            origin    length      used     unused   attr    fill
----------------------  --------  ---------  --------  --------  ----  --------
  FLASH                 00000000   00040000  00002db2  0003d24e  R  X
  SRAM                  20000000   00008000  000004d4  00007b2c  RW X


SEGMENT ALLOCATION MAP

run origin  load origin   length   init length attrs members
----------  ----------- ---------- ----------- ----- -------
00000000    00000000    00002db8   00002db8    r-x
  00000000    00000000    0000026c   0000026c    r-- .intvecs
  0000026c    0000026c    000028c2   000028c2    r-x .text
  00002b30    00002b30    0000021c   0000021c    r-- .const
  00002d50    00002d50    00000068   00000068    r-- .cinit
20000000    20000000    000004d4   00000000    rw-
  20000000    20000000    0000026c   00000000    rw- .vtable
  2000026c    2000026c    00000200   00000000    rw- .stack
  2000046c    2000046c    0000005c   00000000    rw- .data
  200004c8    200004c8    0000000c   00000000    rw- .bss


SECTION ALLOCATION MAP

 output                                  attributes/
section   page    origin      length       input sections
--------  ----  ----------  ----------   ----------------
.intvecs   0    00000000    0000026c     
                  00000000    0000026c     tm4c123gh6pm_startup_ccs.obj (.intvecs)

.text      0    0000026c    000028c2     
                  0000026c    0000049c     PWM_Init.obj (.text)
                  00000708    0000049c     uartstdio.obj (.text)
                  00000ba4    0000046a     I2C_Init.obj (.text)
                  0000100e    00000002     rtsv7M4_T_le_v4SPD16_eabi.lib : i_div0.obj (.text)
                  00001010    000003a0     main.obj (.text)
                  000013b0    00000364     ServoCtl.obj (.text)
                  00001714    000002e0     car.obj (.text)
                  000019f4    00000178     UART_Init.obj (.text)
                  00001b6c    00000136     rtsv7M4_T_le_v4SPD16_eabi.lib : fd_div_t2.obj (.text)
                  00001ca2    00000132     driverlib.lib : gpio.obj (.text:GPIOPadConfigSet)
                  00001dd4    00000110                   : sysctl.obj (.text:SysCtlClockGet)
                  00001ee4    000000f4                   : sysctl.obj (.text:SysCtlClockSet)
                  00001fd8    000000cc     sensor.obj (.text)
                  000020a4    000000a0     GPIO_Init.obj (.text)
                  00002144    0000009c     rtsv7M4_T_le_v4SPD16_eabi.lib : memcpy_t2.obj (.text)
                  000021e0    00000090     delay.obj (.text)
                  00002270    0000007a     rtsv7M4_T_le_v4SPD16_eabi.lib : memset_t2.obj (.text)
                  000022ea    00000002                                   : mpu_init.obj (.text)
                  000022ec    00000070                                   : autoinit.obj (.text)
                  0000235c    0000006e                                   : fd_tos_t2.obj (.text)
                  000023ca    00000002                                   : startup.obj (.text)
                  000023cc    00000068     driverlib.lib : interrupt.obj (.text:IntEnable)
                  00002434    00000068     rtsv7M4_T_le_v4SPD16_eabi.lib : copy_decompress_lzss.obj (.text:decompress:lzss)
                  0000249c    00000054                                   : boot.obj (.text)
                  000024f0    00000054                                   : exit.obj (.text)
                  00002544    0000004c     driverlib.lib : i2c.obj (.text:I2CMasterInitExpClk)
                  00002590    0000004c     rtsv7M4_T_le_v4SPD16_eabi.lib : cpy_tbl.obj (.text)
                  000025dc    00000048     driverlib.lib : gpio.obj (.text:GPIOPinConfigure)
                  00002624    00000046                   : uart.obj (.text:UARTConfigSetExpClk)
                  0000266a    00000002     --HOLE-- [fill = 0]
                  0000266c    00000040                   : uart.obj (.text:_UARTIntNumberGet)
                  000026ac    00000040     rtsv7M4_T_le_v4SPD16_eabi.lib : u_divt2.obj (.text)
                  000026ec    00000038     driverlib.lib : sysctl.obj (.text:SysCtlPeripheralPresent)
                  00002724    00000038     rtsv7M4_T_le_v4SPD16_eabi.lib : fs_tod_t2.obj (.text)
                  0000275c    00000038     systemtick.obj (.text)
                  00002794    00000034     driverlib.lib : interrupt.obj (.text:IntRegister)
                  000027c8    00000034                   : sysctl.obj (.text:SysCtlPeripheralEnable)
                  000027fc    0000002a                   : gpio.obj (.text:GPIODirModeSet)
                  00002826    00000022                   : pwm.obj (.text:PWMGenConfigure)
                  00002848    00000020                   : uart.obj (.text:UARTDisable)
                  00002868    0000001e                   : pwm.obj (.text:PWMPulseWidthSet)
                  00002886    00000002     --HOLE-- [fill = 0]
                  00002888    0000001c                   : systick.obj (.text:SysTickIntRegister)
                  000028a4    00000018                   : gpio.obj (.text:GPIOPinTypeGPIOOutput)
                  000028bc    00000018                   : uart.obj (.text:UARTIntRegister)
                  000028d4    00000018     rtsv7M4_T_le_v4SPD16_eabi.lib : args_main.obj (.text)
                  000028ec    00000016     driverlib.lib : i2c.obj (.text:I2CMasterErr)
                  00002902    00000002     --HOLE-- [fill = 0]
                  00002904    00000014                   : sysctl.obj (.text:SysCtlPWMClockSet)
                  00002918    00000014                   : systick.obj (.text:SysTickDisable)
                  0000292c    00000014                   : systick.obj (.text:SysTickEnable)
                  00002940    00000014                   : systick.obj (.text:SysTickIntEnable)
                  00002954    00000014                   : uart.obj (.text:UARTEnable)
                  00002968    00000014     rtsv7M4_T_le_v4SPD16_eabi.lib : _lock.obj (.text)
                  0000297c    00000012     driverlib.lib : gpio.obj (.text:GPIOPinTypeGPIOInput)
                  0000298e    00000012                   : gpio.obj (.text:GPIOPinTypeI2C)
                  000029a0    00000012                   : gpio.obj (.text:GPIOPinTypeI2CSCL)
                  000029b2    00000012                   : gpio.obj (.text:GPIOPinTypePWM)
                  000029c4    00000012                   : gpio.obj (.text:GPIOPinTypeUART)
                  000029d6    00000012                   : pwm.obj (.text:PWMGenPeriodGet)
                  000029e8    00000012                   : pwm.obj (.text:PWMOutputState)
                  000029fa    00000002     --HOLE-- [fill = 0]
                  000029fc    00000010                   : fpu.obj (.text:FPUEnable)
                  00002a0c    00000010                   : fpu.obj (.text:FPULazyStackingEnable)
                  00002a1c    00000010                   : interrupt.obj (.text:IntMasterDisable)
                  00002a2c    00000010                   : interrupt.obj (.text:IntMasterEnable)
                  00002a3c    00000010                   : pwm.obj (.text:PWMGenPeriodSet)
                  00002a4c    00000010                   : systick.obj (.text:SysTickPeriodSet)
                  00002a5c    0000000e                   : uart.obj (.text:UARTCharGetNonBlocking)
                  00002a6a    0000000e                   : uart.obj (.text:UARTCharsAvail)
                  00002a78    0000000e     rtsv7M4_T_le_v4SPD16_eabi.lib : copy_decompress_none.obj (.text:decompress:none)
                  00002a86    0000000c     driverlib.lib : cpu.obj (.text:CPUcpsid)
                  00002a92    0000000c                   : cpu.obj (.text:CPUcpsie)
                  00002a9e    0000000c                   : pwm.obj (.text:PWMGenEnable)
                  00002aaa    0000000c     rtsv7M4_T_le_v4SPD16_eabi.lib : copy_zero_init.obj (.text:decompress:ZI)
                  00002ab6    0000000c     tm4c123gh6pm_startup_ccs.obj (.text)
                  00002ac2    0000000a     driverlib.lib : i2c.obj (.text:I2CMasterEnable)
                  00002acc    0000000a                   : uart.obj (.text:UARTCharGet)
                  00002ad6    0000000a                   : uart.obj (.text:UARTCharPut)
                  00002ae0    0000000a                   : uart.obj (.text:UARTIntStatus)
                  00002aea    00000008                   : i2c.obj (.text:I2CMasterBusy)
                  00002af2    00000008                   : i2c.obj (.text:I2CMasterSlaveAddrSet)
                  00002afa    00000008                   : uart.obj (.text:UARTIntEnable)
                  00002b02    00000006                   : gpio.obj (.text:GPIOPinRead)
                  00002b08    00000006                   : gpio.obj (.text:GPIOPinWrite)
                  00002b0e    00000006                   : sysctl.obj (.text:SysCtlDelay)
                  00002b14    00000006                   : uart.obj (.text:UARTClockSourceSet)
                  00002b1a    00000004                   : i2c.obj (.text:I2CMasterControl)
                  00002b1e    00000004                   : i2c.obj (.text:I2CMasterDataGet)
                  00002b22    00000004                   : i2c.obj (.text:I2CMasterDataPut)
                  00002b26    00000004                   : uart.obj (.text:UARTIntClear)
                  00002b2a    00000004     rtsv7M4_T_le_v4SPD16_eabi.lib : pre_init.obj (.text)

.const     0    00002b30    0000021c     
                  00002b30    00000090     driverlib.lib : gpio.obj (.const:g_pui32GPIOBaseAddrs)
                  00002bc0    00000070                   : interrupt.obj (.const)
                  00002c30    0000006c                   : sysctl.obj (.const:g_pui32Xtals)
                  00002c9c    00000040                   : uart.obj (.const:g_ppui32UARTIntMap)
                  00002cdc    00000040                   : uart.obj (.const:g_ppui32UARTIntMapSnowflake)
                  00002d1c    00000012     uartstdio.obj (.const:.string)
                  00002d2e    00000002     --HOLE-- [fill = 0]
                  00002d30    0000000c     uartstdio.obj (.const:g_ui32UARTBase)
                  00002d3c    0000000c     uartstdio.obj (.const:g_ui32UARTPeriph)
                  00002d48    00000004     uartstdio.obj (.const)

.cinit     0    00002d50    00000068     
                  00002d50    0000002e     (.cinit..data.load) [load image, compression = lzss]
                  00002d7e    00000002     --HOLE-- [fill = 0]
                  00002d80    0000000c     (__TI_handler_table)
                  00002d8c    00000004     --HOLE-- [fill = 0]
                  00002d90    00000008     (.cinit..bss.load) [load image, compression = zero_init]
                  00002d98    00000008     (.cinit..vtable.load) [load image, compression = zero_init]
                  00002da0    00000018     (__TI_cinit_table)

.init_array 
*          0    00000000    00000000     UNINITIALIZED

.vtable    0    20000000    0000026c     UNINITIALIZED
                  20000000    0000026c     driverlib.lib : interrupt.obj (.vtable)

.stack     0    2000026c    00000200     UNINITIALIZED
                  2000026c    00000200     --HOLE--

.data      0    2000046c    0000005c     UNINITIALIZED
                  2000046c    00000020     ServoCtl.obj (.data:angle_last$1)
                  2000048c    00000010     main.obj (.data)
                  2000049c    0000000c     rtsv7M4_T_le_v4SPD16_eabi.lib : exit.obj (.data:$O1$$)
                  200004a8    0000000c     main.obj (.data:servoVal)
                  200004b4    00000008     rtsv7M4_T_le_v4SPD16_eabi.lib : _lock.obj (.data:$O1$$)
                  200004bc    00000005     uartstdio.obj (.data)
                  200004c1    00000003     --HOLE--
                  200004c4    00000004     rtsv7M4_T_le_v4SPD16_eabi.lib : stkdepth_vars.obj (.data)

.bss       0    200004c8    0000000c     UNINITIALIZED
                  200004c8    00000004     (.common:pitch)
                  200004cc    00000004     (.common:roll)
                  200004d0    00000004     (.common:yaw)

MODULE SUMMARY

       Module                         code    ro data   rw data
       ------                         ----    -------   -------
    .\
       main.obj                       928     0         40     
       tm4c123gh6pm_startup_ccs.obj   12      620       0      
    +--+------------------------------+-------+---------+---------+
       Total:                         940     620       40     
                                                               
    .\CarCtl\
       car.obj                        736     0         0      
    +--+------------------------------+-------+---------+---------+
       Total:                         736     0         0      
                                                               
    .\ExternSensor\
       sensor.obj                     204     0         0      
    +--+------------------------------+-------+---------+---------+
       Total:                         204     0         0      
                                                               
    .\GPIO\
       GPIO_Init.obj                  160     0         0      
    +--+------------------------------+-------+---------+---------+
       Total:                         160     0         0      
                                                               
    .\I2C\
       I2C_Init.obj                   1130    0         0      
    +--+------------------------------+-------+---------+---------+
       Total:                         1130    0         0      
                                                               
    .\PWM\
       PWM_Init.obj                   1180    0         0      
    +--+------------------------------+-------+---------+---------+
       Total:                         1180    0         0      
                                                               
    .\ServoCtl\
       ServoCtl.obj                   868     0         32     
    +--+------------------------------+-------+---------+---------+
       Total:                         868     0         32     
                                                               
    .\UART\
       uartstdio.obj                  1180    46        5      
       UART_Init.obj                  376     0         0      
    +--+------------------------------+-------+---------+---------+
       Total:                         1556    46        5      
                                                               
    .\delay\
       delay.obj                      144     0         0      
    +--+------------------------------+-------+---------+---------+
       Total:                         144     0         0      
                                                               
    .\timer\
       systemtick.obj                 56      0         0      
    +--+------------------------------+-------+---------+---------+
       Total:                         56      0         0      
                                                               
    D:/CCS/TivaWare_C_Series-2.1.4.178/driverlib/ccs/Debug/driverlib.lib
       interrupt.obj                  188     112       620    
       sysctl.obj                     650     108       0      
       gpio.obj                       546     144       0      
       uart.obj                       286     128       0      
       i2c.obj                        136     0         0      
       pwm.obj                        128     0         0      
       systick.obj                    104     0         0      
       fpu.obj                        32      0         0      
       cpu.obj                        24      0         0      
    +--+------------------------------+-------+---------+---------+
       Total:                         2094    492       620    
                                                               
    D:\CCS\ccsv7\tools\compiler\ti-cgt-arm_16.9.0.LTS\lib\rtsv7M4_T_le_v4SPD16_eabi.lib
       fd_div_t2.obj                  310     0         0      
       memcpy_t2.obj                  156     0         0      
       memset_t2.obj                  122     0         0      
       autoinit.obj                   112     0         0      
       fd_tos_t2.obj                  110     0         0      
       copy_decompress_lzss.obj       104     0         0      
       exit.obj                       84      0         12     
       boot.obj                       84      0         0      
       cpy_tbl.obj                    76      0         0      
       u_divt2.obj                    64      0         0      
       fs_tod_t2.obj                  56      0         0      
       _lock.obj                      20      0         8      
       args_main.obj                  24      0         0      
       copy_decompress_none.obj       14      0         0      
       copy_zero_init.obj             12      0         0      
       pre_init.obj                   4       0         0      
       stkdepth_vars.obj              0       0         4      
       i_div0.obj                     2       0         0      
       mpu_init.obj                   2       0         0      
       startup.obj                    2       0         0      
    +--+------------------------------+-------+---------+---------+
       Total:                         1358    0         24     
                                                               
       Stack:                         0       0         512    
       Linker Generated:              0       98        0      
    +--+------------------------------+-------+---------+---------+
       Grand Total:                   10426   1256      1233   


LINKER GENERATED COPY TABLES

__TI_cinit_table @ 00002da0 records: 3, size/record: 8, table size: 24
	.data: load addr=00002d50, load size=0000002e bytes, run addr=2000046c, run size=0000005c bytes, compression=lzss
	.bss: load addr=00002d90, load size=00000008 bytes, run addr=200004c8, run size=0000000c bytes, compression=zero_init
	.vtable: load addr=00002d98, load size=00000008 bytes, run addr=20000000, run size=0000026c bytes, compression=zero_init


LINKER GENERATED HANDLER TABLE

__TI_handler_table @ 00002d80 records: 3, size/record: 4, table size: 12
	index: 0, handler: __TI_zero_init
	index: 1, handler: __TI_decompress_lzss
	index: 2, handler: __TI_decompress_none


GLOBAL SYMBOLS: SORTED ALPHABETICALLY BY Name 

address   name                           
-------   ----                           
00001fd9  BlackDetect_Init               
000024f1  C$$EXIT                        
00002a87  CPUcpsid                       
00002a93  CPUcpsie                       
000019a7  CarStop_back                   
00001993  CarStop_forward                
000019cf  CarStop_turnLeft               
000019bb  CarStop_turnRight              
0000182f  Car_GoBack                     
000017c7  Car_GoForward                  
00001715  Car_Init                       
00001967  Car_Stop                       
00001897  Car_TurnLeft_Stay              
000018ff  Car_TurnRight_Stay             
000029fd  FPUEnable                      
00002a0d  FPULazyStackingEnable          
000027fd  GPIODirModeSet                 
00001ca3  GPIOPadConfigSet               
000025dd  GPIOPinConfigure               
00002b03  GPIOPinRead                    
0000297d  GPIOPinTypeGPIOInput           
000028a5  GPIOPinTypeGPIOOutput          
0000298f  GPIOPinTypeI2C                 
000029a1  GPIOPinTypeI2CSCL              
000029b3  GPIOPinTypePWM                 
000029c5  GPIOPinTypeUART                
00002b09  GPIOPinWrite                   
00000ba5  I2C0_Init                      
00000bdf  I2C1_Init                      
00002aeb  I2CMasterBusy                  
00002b1b  I2CMasterControl               
00002b1f  I2CMasterDataGet               
00002b23  I2CMasterDataPut               
00002ac3  I2CMasterEnable                
000028ed  I2CMasterErr                   
00002545  I2CMasterInitExpClk            
00002af3  I2CMasterSlaveAddrSet          
00000ead  I2CReadRegMultiByte            
00000de5  I2CReadRegOneByte              
00000cb9  I2CWriteRegMultiByte           
00000c21  I2CWriteRegOneByte             
000023cd  IntEnable                      
00001127  IntHandler_SysTick             
00001151  IntHandler_UART1               
000012b5  IntHandler_UART2               
00002a1d  IntMasterDisable               
00002a2d  IntMasterEnable                
00002795  IntRegister                    
00002103  Key1_Read                      
000020eb  Key1_init                      
00001ffd  LeftBlack                      
00002079  MPU6050_correct                
00002035  MiddleBlack                    
0000168f  PCA9685_pulse_us_set           
00001603  PCA9685_set_PWM                
0000153d  PCA9685_set_freq               
000020a5  PF123_RGB_Init                 
000020b5  PF1_Red_Init                   
000020c7  PF2_Blue_Init                  
000020d9  PF3_Green_Init                 
0000026d  PWM0_0_Init                    
000002d7  PWM0_1_Init                    
00000341  PWM0_2_Init                    
000003ab  PWM0_3_Init                    
00000415  PWM0_4_Init                    
0000047f  PWM0_5_Init                    
000004e9  PWM1_0_Init                    
0000055b  PWM1_1_Init                    
000005cd  PWM1_2_Init                    
0000065d  PWM1_3_Init                    
00002827  PWMGenConfigure                
00002a9f  PWMGenEnable                   
000029d7  PWMGenPeriodGet                
00002a3d  PWMGenPeriodSet                
000029e9  PWMOutputState                 
00002869  PWMPulseWidthSet               
00002ab7  ResetISR                       
00002019  RightBlack                     
UNDEFED   SHT$$INIT_ARRAY$$Base          
UNDEFED   SHT$$INIT_ARRAY$$Limit         
00002051  SideBlack                      
00001dd5  SysCtlClockGet                 
00001ee5  SysCtlClockSet                 
00002b0f  SysCtlDelay                    
00002905  SysCtlPWMClockSet              
000027c9  SysCtlPeripheralEnable         
000026ed  SysCtlPeripheralPresent        
00002919  SysTickDisable                 
0000292d  SysTickEnable                  
00002941  SysTickIntEnable               
00002889  SysTickIntRegister             
00002a4d  SysTickPeriodSet               
0000275d  SysTick_Init_ms                
000019f5  UART0_Init                     
00001a31  UART0printf                    
00001a5f  UART1_Init                     
0000206d  UART1_angle_mpu6050_init       
00001aad  UART1printf                    
00001adb  UART2_Init                     
00002acd  UARTCharGet                    
00002a5d  UARTCharGetNonBlocking         
00002ad7  UARTCharPut                    
00002a6b  UARTCharsAvail                 
00002b15  UARTClockSourceSet             
00002625  UARTConfigSetExpClk            
00002849  UARTDisable                    
00002955  UARTEnable                     
00002b27  UARTIntClear                   
00002afb  UARTIntEnable                  
000028bd  UARTIntRegister                
00002ae1  UARTIntStatus                  
00000709  UARTStdioConfig                
0000084f  UARTgetc                       
00000795  UARTgets                       
00000b6f  UARTprintf                     
00000875  UARTvprintf                    
0000074f  UARTwrite                      
2000046c  __STACK_END                    
00000200  __STACK_SIZE                   
2000046c  __STACK_TOP                    
00002da0  __TI_CINIT_Base                
00002db8  __TI_CINIT_Limit               
00002d80  __TI_Handler_Table_Base        
00002d8c  __TI_Handler_Table_Limit       
000022ed  __TI_auto_init                 
2000049c  __TI_cleanup_ptr               
00002435  __TI_decompress_lzss           
00002a79  __TI_decompress_none           
200004a0  __TI_dtors_ptr                 
200004a4  __TI_enable_exit_profile_output
ffffffff  __TI_pprof_out_hndl            
ffffffff  __TI_prof_data_size            
ffffffff  __TI_prof_data_start           
00000000  __TI_static_base__             
00002aab  __TI_zero_init                 
0000235d  __aeabi_d2f                    
00001b6d  __aeabi_ddiv                   
00002725  __aeabi_f2d                    
0000100f  __aeabi_idiv0                  
00002271  __aeabi_memclr                 
00002271  __aeabi_memclr4                
00002271  __aeabi_memclr8                
00002145  __aeabi_memcpy                 
00002145  __aeabi_memcpy4                
00002145  __aeabi_memcpy8                
00002273  __aeabi_memset                 
00002273  __aeabi_memset4                
00002273  __aeabi_memset8                
000026ad  __aeabi_uidiv                  
000026ad  __aeabi_uidivmod               
ffffffff  __binit__                      
ffffffff  __c_args__                     
000022eb  __mpu_init                     
2000026c  __stack                        
000028d5  _args_main                     
0000249d  _c_int00                       
200004b4  _lock                          
00002977  _nop                           
0000296f  _register_lock                 
00002969  _register_unlock               
000023cb  _system_post_cinit             
00002b2b  _system_pre_init               
200004b8  _unlock                        
000024f5  abort                          
ffffffff  binit                          
0000176f  car_goto_n_black_line          
0000172d  car_patrol_line                
00002591  copy_in                        
20000495  count_enter                    
0000220f  delay_ms                       
0000223f  delay_ns                       
000021e1  delay_s                        
000024fd  exit                           
20000490  forward_speed                  
20000000  g_pfnRAMVectors                
00000000  g_pfnVectors                   
000014b7  goto_pos_1_middle              
000013ef  hand_set_servo                 
00001011  main                           
200004c4  main_func_sp                   
00002145  memcpy                         
00002279  memset                         
000016d7  pca9685_reg_read               
000016bb  pca9685_reg_write              
200004c8  pitch                          
200004cc  roll                           
20000494  servoUpdate                    
200004a8  servoVal                       
00001487  servo_all_update               
000013b1  servo_init                     
00001407  servo_n_angle_set              
00002121  system_waitKey                 
2000048c  turn_speed                     
200004d0  yaw                            


GLOBAL SYMBOLS: SORTED BY Symbol Address 

address   name                           
-------   ----                           
00000000  __TI_static_base__             
00000000  g_pfnVectors                   
00000200  __STACK_SIZE                   
0000026d  PWM0_0_Init                    
000002d7  PWM0_1_Init                    
00000341  PWM0_2_Init                    
000003ab  PWM0_3_Init                    
00000415  PWM0_4_Init                    
0000047f  PWM0_5_Init                    
000004e9  PWM1_0_Init                    
0000055b  PWM1_1_Init                    
000005cd  PWM1_2_Init                    
0000065d  PWM1_3_Init                    
00000709  UARTStdioConfig                
0000074f  UARTwrite                      
00000795  UARTgets                       
0000084f  UARTgetc                       
00000875  UARTvprintf                    
00000b6f  UARTprintf                     
00000ba5  I2C0_Init                      
00000bdf  I2C1_Init                      
00000c21  I2CWriteRegOneByte             
00000cb9  I2CWriteRegMultiByte           
00000de5  I2CReadRegOneByte              
00000ead  I2CReadRegMultiByte            
0000100f  __aeabi_idiv0                  
00001011  main                           
00001127  IntHandler_SysTick             
00001151  IntHandler_UART1               
000012b5  IntHandler_UART2               
000013b1  servo_init                     
000013ef  hand_set_servo                 
00001407  servo_n_angle_set              
00001487  servo_all_update               
000014b7  goto_pos_1_middle              
0000153d  PCA9685_set_freq               
00001603  PCA9685_set_PWM                
0000168f  PCA9685_pulse_us_set           
000016bb  pca9685_reg_write              
000016d7  pca9685_reg_read               
00001715  Car_Init                       
0000172d  car_patrol_line                
0000176f  car_goto_n_black_line          
000017c7  Car_GoForward                  
0000182f  Car_GoBack                     
00001897  Car_TurnLeft_Stay              
000018ff  Car_TurnRight_Stay             
00001967  Car_Stop                       
00001993  CarStop_forward                
000019a7  CarStop_back                   
000019bb  CarStop_turnRight              
000019cf  CarStop_turnLeft               
000019f5  UART0_Init                     
00001a31  UART0printf                    
00001a5f  UART1_Init                     
00001aad  UART1printf                    
00001adb  UART2_Init                     
00001b6d  __aeabi_ddiv                   
00001ca3  GPIOPadConfigSet               
00001dd5  SysCtlClockGet                 
00001ee5  SysCtlClockSet                 
00001fd9  BlackDetect_Init               
00001ffd  LeftBlack                      
00002019  RightBlack                     
00002035  MiddleBlack                    
00002051  SideBlack                      
0000206d  UART1_angle_mpu6050_init       
00002079  MPU6050_correct                
000020a5  PF123_RGB_Init                 
000020b5  PF1_Red_Init                   
000020c7  PF2_Blue_Init                  
000020d9  PF3_Green_Init                 
000020eb  Key1_init                      
00002103  Key1_Read                      
00002121  system_waitKey                 
00002145  __aeabi_memcpy                 
00002145  __aeabi_memcpy4                
00002145  __aeabi_memcpy8                
00002145  memcpy                         
000021e1  delay_s                        
0000220f  delay_ms                       
0000223f  delay_ns                       
00002271  __aeabi_memclr                 
00002271  __aeabi_memclr4                
00002271  __aeabi_memclr8                
00002273  __aeabi_memset                 
00002273  __aeabi_memset4                
00002273  __aeabi_memset8                
00002279  memset                         
000022eb  __mpu_init                     
000022ed  __TI_auto_init                 
0000235d  __aeabi_d2f                    
000023cb  _system_post_cinit             
000023cd  IntEnable                      
00002435  __TI_decompress_lzss           
0000249d  _c_int00                       
000024f1  C$$EXIT                        
000024f5  abort                          
000024fd  exit                           
00002545  I2CMasterInitExpClk            
00002591  copy_in                        
000025dd  GPIOPinConfigure               
00002625  UARTConfigSetExpClk            
000026ad  __aeabi_uidiv                  
000026ad  __aeabi_uidivmod               
000026ed  SysCtlPeripheralPresent        
00002725  __aeabi_f2d                    
0000275d  SysTick_Init_ms                
00002795  IntRegister                    
000027c9  SysCtlPeripheralEnable         
000027fd  GPIODirModeSet                 
00002827  PWMGenConfigure                
00002849  UARTDisable                    
00002869  PWMPulseWidthSet               
00002889  SysTickIntRegister             
000028a5  GPIOPinTypeGPIOOutput          
000028bd  UARTIntRegister                
000028d5  _args_main                     
000028ed  I2CMasterErr                   
00002905  SysCtlPWMClockSet              
00002919  SysTickDisable                 
0000292d  SysTickEnable                  
00002941  SysTickIntEnable               
00002955  UARTEnable                     
00002969  _register_unlock               
0000296f  _register_lock                 
00002977  _nop                           
0000297d  GPIOPinTypeGPIOInput           
0000298f  GPIOPinTypeI2C                 
000029a1  GPIOPinTypeI2CSCL              
000029b3  GPIOPinTypePWM                 
000029c5  GPIOPinTypeUART                
000029d7  PWMGenPeriodGet                
000029e9  PWMOutputState                 
000029fd  FPUEnable                      
00002a0d  FPULazyStackingEnable          
00002a1d  IntMasterDisable               
00002a2d  IntMasterEnable                
00002a3d  PWMGenPeriodSet                
00002a4d  SysTickPeriodSet               
00002a5d  UARTCharGetNonBlocking         
00002a6b  UARTCharsAvail                 
00002a79  __TI_decompress_none           
00002a87  CPUcpsid                       
00002a93  CPUcpsie                       
00002a9f  PWMGenEnable                   
00002aab  __TI_zero_init                 
00002ab7  ResetISR                       
00002ac3  I2CMasterEnable                
00002acd  UARTCharGet                    
00002ad7  UARTCharPut                    
00002ae1  UARTIntStatus                  
00002aeb  I2CMasterBusy                  
00002af3  I2CMasterSlaveAddrSet          
00002afb  UARTIntEnable                  
00002b03  GPIOPinRead                    
00002b09  GPIOPinWrite                   
00002b0f  SysCtlDelay                    
00002b15  UARTClockSourceSet             
00002b1b  I2CMasterControl               
00002b1f  I2CMasterDataGet               
00002b23  I2CMasterDataPut               
00002b27  UARTIntClear                   
00002b2b  _system_pre_init               
00002d80  __TI_Handler_Table_Base        
00002d8c  __TI_Handler_Table_Limit       
00002da0  __TI_CINIT_Base                
00002db8  __TI_CINIT_Limit               
20000000  g_pfnRAMVectors                
2000026c  __stack                        
2000046c  __STACK_END                    
2000046c  __STACK_TOP                    
2000048c  turn_speed                     
20000490  forward_speed                  
20000494  servoUpdate                    
20000495  count_enter                    
2000049c  __TI_cleanup_ptr               
200004a0  __TI_dtors_ptr                 
200004a4  __TI_enable_exit_profile_output
200004a8  servoVal                       
200004b4  _lock                          
200004b8  _unlock                        
200004c4  main_func_sp                   
200004c8  pitch                          
200004cc  roll                           
200004d0  yaw                            
ffffffff  __TI_pprof_out_hndl            
ffffffff  __TI_prof_data_size            
ffffffff  __TI_prof_data_start           
ffffffff  __binit__                      
ffffffff  __c_args__                     
ffffffff  binit                          
UNDEFED   SHT$$INIT_ARRAY$$Base          
UNDEFED   SHT$$INIT_ARRAY$$Limit         

[194 symbols]
