<?xml version="1.0"?>
<link_info>
   <banner>TI ARM Linker PC v16.9.0.LTS</banner>
   <copyright>Copyright (c) 1996-2015 Texas Instruments Incorporated</copyright>
   <link_time>0x5c850d6d</link_time>
   <link_errors>0x0</link_errors>
   <output_file>LogisticsCar.out</output_file>
   <entry_point>
      <name>_c_int00</name>
      <address>0x249d</address>
   </entry_point>
   <input_file_list>
      <input_file id="fl-2">
         <path>.\</path>
         <kind>object</kind>
         <file>main.obj</file>
         <name>main.obj</name>
      </input_file>
      <input_file id="fl-3">
         <path>.\</path>
         <kind>object</kind>
         <file>tm4c123gh6pm_startup_ccs.obj</file>
         <name>tm4c123gh6pm_startup_ccs.obj</name>
      </input_file>
      <input_file id="fl-4">
         <path>.\CarCtl\</path>
         <kind>object</kind>
         <file>car.obj</file>
         <name>car.obj</name>
      </input_file>
      <input_file id="fl-5">
         <path>.\ExternSensor\</path>
         <kind>object</kind>
         <file>sensor.obj</file>
         <name>sensor.obj</name>
      </input_file>
      <input_file id="fl-6">
         <path>.\GPIO\</path>
         <kind>object</kind>
         <file>GPIO_Init.obj</file>
         <name>GPIO_Init.obj</name>
      </input_file>
      <input_file id="fl-7">
         <path>.\I2C\</path>
         <kind>object</kind>
         <file>I2C_Init.obj</file>
         <name>I2C_Init.obj</name>
      </input_file>
      <input_file id="fl-8">
         <path>.\MPU6050\</path>
         <kind>object</kind>
         <file>MPU6050.obj</file>
         <name>MPU6050.obj</name>
      </input_file>
      <input_file id="fl-9">
         <path>.\MPU6050\</path>
         <kind>object</kind>
         <file>inv_mpu.obj</file>
         <name>inv_mpu.obj</name>
      </input_file>
      <input_file id="fl-a">
         <path>.\MPU6050\</path>
         <kind>object</kind>
         <file>inv_mpu_dmp_motion_driver.obj</file>
         <name>inv_mpu_dmp_motion_driver.obj</name>
      </input_file>
      <input_file id="fl-b">
         <path>.\PWM\</path>
         <kind>object</kind>
         <file>PWM_Init.obj</file>
         <name>PWM_Init.obj</name>
      </input_file>
      <input_file id="fl-c">
         <path>.\ServoCtl\</path>
         <kind>object</kind>
         <file>ServoCtl.obj</file>
         <name>ServoCtl.obj</name>
      </input_file>
      <input_file id="fl-d">
         <path>.\UART\</path>
         <kind>object</kind>
         <file>UART_Init.obj</file>
         <name>UART_Init.obj</name>
      </input_file>
      <input_file id="fl-e">
         <path>.\UART\</path>
         <kind>object</kind>
         <file>uartstdio.obj</file>
         <name>uartstdio.obj</name>
      </input_file>
      <input_file id="fl-f">
         <path>.\delay\</path>
         <kind>object</kind>
         <file>delay.obj</file>
         <name>delay.obj</name>
      </input_file>
      <input_file id="fl-10">
         <path>.\timer\</path>
         <kind>object</kind>
         <file>systemtick.obj</file>
         <name>systemtick.obj</name>
      </input_file>
      <input_file id="fl-cb">
         <path>D:\CCS\ccsv7\tools\compiler\ti-cgt-arm_16.9.0.LTS\lib\</path>
         <kind>archive</kind>
         <file>rtsv7M4_T_le_v4SPD16_eabi.lib</file>
         <name>boot.obj</name>
      </input_file>
      <input_file id="fl-cc">
         <path>D:\CCS\ccsv7\tools\compiler\ti-cgt-arm_16.9.0.LTS\lib\</path>
         <kind>archive</kind>
         <file>rtsv7M4_T_le_v4SPD16_eabi.lib</file>
         <name>copy_decompress_lzss.obj</name>
      </input_file>
      <input_file id="fl-cd">
         <path>D:\CCS\ccsv7\tools\compiler\ti-cgt-arm_16.9.0.LTS\lib\</path>
         <kind>archive</kind>
         <file>rtsv7M4_T_le_v4SPD16_eabi.lib</file>
         <name>copy_decompress_none.obj</name>
      </input_file>
      <input_file id="fl-ce">
         <path>D:\CCS\ccsv7\tools\compiler\ti-cgt-arm_16.9.0.LTS\lib\</path>
         <kind>archive</kind>
         <file>rtsv7M4_T_le_v4SPD16_eabi.lib</file>
         <name>copy_zero_init.obj</name>
      </input_file>
      <input_file id="fl-cf">
         <path>D:\CCS\ccsv7\tools\compiler\ti-cgt-arm_16.9.0.LTS\lib\</path>
         <kind>archive</kind>
         <file>rtsv7M4_T_le_v4SPD16_eabi.lib</file>
         <name>e_asin.obj</name>
      </input_file>
      <input_file id="fl-d0">
         <path>D:\CCS\ccsv7\tools\compiler\ti-cgt-arm_16.9.0.LTS\lib\</path>
         <kind>archive</kind>
         <file>rtsv7M4_T_le_v4SPD16_eabi.lib</file>
         <name>e_atan2.obj</name>
      </input_file>
      <input_file id="fl-d1">
         <path>D:\CCS\ccsv7\tools\compiler\ti-cgt-arm_16.9.0.LTS\lib\</path>
         <kind>archive</kind>
         <file>rtsv7M4_T_le_v4SPD16_eabi.lib</file>
         <name>e_sqrt.obj</name>
      </input_file>
      <input_file id="fl-d2">
         <path>D:\CCS\ccsv7\tools\compiler\ti-cgt-arm_16.9.0.LTS\lib\</path>
         <kind>archive</kind>
         <file>rtsv7M4_T_le_v4SPD16_eabi.lib</file>
         <name>errno.obj</name>
      </input_file>
      <input_file id="fl-d3">
         <path>D:\CCS\ccsv7\tools\compiler\ti-cgt-arm_16.9.0.LTS\lib\</path>
         <kind>archive</kind>
         <file>rtsv7M4_T_le_v4SPD16_eabi.lib</file>
         <name>exit.obj</name>
      </input_file>
      <input_file id="fl-d4">
         <path>D:\CCS\ccsv7\tools\compiler\ti-cgt-arm_16.9.0.LTS\lib\</path>
         <kind>archive</kind>
         <file>rtsv7M4_T_le_v4SPD16_eabi.lib</file>
         <name>fd_add_t2.obj</name>
      </input_file>
      <input_file id="fl-d5">
         <path>D:\CCS\ccsv7\tools\compiler\ti-cgt-arm_16.9.0.LTS\lib\</path>
         <kind>archive</kind>
         <file>rtsv7M4_T_le_v4SPD16_eabi.lib</file>
         <name>fd_cmp_t2.obj</name>
      </input_file>
      <input_file id="fl-d6">
         <path>D:\CCS\ccsv7\tools\compiler\ti-cgt-arm_16.9.0.LTS\lib\</path>
         <kind>archive</kind>
         <file>rtsv7M4_T_le_v4SPD16_eabi.lib</file>
         <name>fd_div_t2.obj</name>
      </input_file>
      <input_file id="fl-d7">
         <path>D:\CCS\ccsv7\tools\compiler\ti-cgt-arm_16.9.0.LTS\lib\</path>
         <kind>archive</kind>
         <file>rtsv7M4_T_le_v4SPD16_eabi.lib</file>
         <name>fd_mul_t2.obj</name>
      </input_file>
      <input_file id="fl-d8">
         <path>D:\CCS\ccsv7\tools\compiler\ti-cgt-arm_16.9.0.LTS\lib\</path>
         <kind>archive</kind>
         <file>rtsv7M4_T_le_v4SPD16_eabi.lib</file>
         <name>fd_toi_t2.obj</name>
      </input_file>
      <input_file id="fl-d9">
         <path>D:\CCS\ccsv7\tools\compiler\ti-cgt-arm_16.9.0.LTS\lib\</path>
         <kind>archive</kind>
         <file>rtsv7M4_T_le_v4SPD16_eabi.lib</file>
         <name>fd_tos_t2.obj</name>
      </input_file>
      <input_file id="fl-da">
         <path>D:\CCS\ccsv7\tools\compiler\ti-cgt-arm_16.9.0.LTS\lib\</path>
         <kind>archive</kind>
         <file>rtsv7M4_T_le_v4SPD16_eabi.lib</file>
         <name>fs_tod_t2.obj</name>
      </input_file>
      <input_file id="fl-db">
         <path>D:\CCS\ccsv7\tools\compiler\ti-cgt-arm_16.9.0.LTS\lib\</path>
         <kind>archive</kind>
         <file>rtsv7M4_T_le_v4SPD16_eabi.lib</file>
         <name>i_tofd_t2.obj</name>
      </input_file>
      <input_file id="fl-dc">
         <path>D:\CCS\ccsv7\tools\compiler\ti-cgt-arm_16.9.0.LTS\lib\</path>
         <kind>archive</kind>
         <file>rtsv7M4_T_le_v4SPD16_eabi.lib</file>
         <name>ll_div_t2.obj</name>
      </input_file>
      <input_file id="fl-dd">
         <path>D:\CCS\ccsv7\tools\compiler\ti-cgt-arm_16.9.0.LTS\lib\</path>
         <kind>archive</kind>
         <file>rtsv7M4_T_le_v4SPD16_eabi.lib</file>
         <name>ll_mul_t2.obj</name>
      </input_file>
      <input_file id="fl-de">
         <path>D:\CCS\ccsv7\tools\compiler\ti-cgt-arm_16.9.0.LTS\lib\</path>
         <kind>archive</kind>
         <file>rtsv7M4_T_le_v4SPD16_eabi.lib</file>
         <name>memcmp.obj</name>
      </input_file>
      <input_file id="fl-df">
         <path>D:\CCS\ccsv7\tools\compiler\ti-cgt-arm_16.9.0.LTS\lib\</path>
         <kind>archive</kind>
         <file>rtsv7M4_T_le_v4SPD16_eabi.lib</file>
         <name>memcpy_t2.obj</name>
      </input_file>
      <input_file id="fl-e0">
         <path>D:\CCS\ccsv7\tools\compiler\ti-cgt-arm_16.9.0.LTS\lib\</path>
         <kind>archive</kind>
         <file>rtsv7M4_T_le_v4SPD16_eabi.lib</file>
         <name>memset_t2.obj</name>
      </input_file>
      <input_file id="fl-e1">
         <path>D:\CCS\ccsv7\tools\compiler\ti-cgt-arm_16.9.0.LTS\lib\</path>
         <kind>archive</kind>
         <file>rtsv7M4_T_le_v4SPD16_eabi.lib</file>
         <name>mpu_init.obj</name>
      </input_file>
      <input_file id="fl-e2">
         <path>D:\CCS\ccsv7\tools\compiler\ti-cgt-arm_16.9.0.LTS\lib\</path>
         <kind>archive</kind>
         <file>rtsv7M4_T_le_v4SPD16_eabi.lib</file>
         <name>pre_init.obj</name>
      </input_file>
      <input_file id="fl-e3">
         <path>D:\CCS\ccsv7\tools\compiler\ti-cgt-arm_16.9.0.LTS\lib\</path>
         <kind>archive</kind>
         <file>rtsv7M4_T_le_v4SPD16_eabi.lib</file>
         <name>s_atan.obj</name>
      </input_file>
      <input_file id="fl-e4">
         <path>D:\CCS\ccsv7\tools\compiler\ti-cgt-arm_16.9.0.LTS\lib\</path>
         <kind>archive</kind>
         <file>rtsv7M4_T_le_v4SPD16_eabi.lib</file>
         <name>stkdepth_vars.obj</name>
      </input_file>
      <input_file id="fl-e5">
         <path>D:\CCS\ccsv7\tools\compiler\ti-cgt-arm_16.9.0.LTS\lib\</path>
         <kind>archive</kind>
         <file>rtsv7M4_T_le_v4SPD16_eabi.lib</file>
         <name>u_divt2.obj</name>
      </input_file>
      <input_file id="fl-e6">
         <path>D:\CCS\ccsv7\tools\compiler\ti-cgt-arm_16.9.0.LTS\lib\</path>
         <kind>archive</kind>
         <file>rtsv7M4_T_le_v4SPD16_eabi.lib</file>
         <name>_lock.obj</name>
      </input_file>
      <input_file id="fl-e7">
         <path>D:\CCS\ccsv7\tools\compiler\ti-cgt-arm_16.9.0.LTS\lib\</path>
         <kind>archive</kind>
         <file>rtsv7M4_T_le_v4SPD16_eabi.lib</file>
         <name>args_main.obj</name>
      </input_file>
      <input_file id="fl-e8">
         <path>D:\CCS\ccsv7\tools\compiler\ti-cgt-arm_16.9.0.LTS\lib\</path>
         <kind>archive</kind>
         <file>rtsv7M4_T_le_v4SPD16_eabi.lib</file>
         <name>autoinit.obj</name>
      </input_file>
      <input_file id="fl-e9">
         <path>D:\CCS\ccsv7\tools\compiler\ti-cgt-arm_16.9.0.LTS\lib\</path>
         <kind>archive</kind>
         <file>rtsv7M4_T_le_v4SPD16_eabi.lib</file>
         <name>cpy_tbl.obj</name>
      </input_file>
      <input_file id="fl-ea">
         <path>D:\CCS\ccsv7\tools\compiler\ti-cgt-arm_16.9.0.LTS\lib\</path>
         <kind>archive</kind>
         <file>rtsv7M4_T_le_v4SPD16_eabi.lib</file>
         <name>i_div0.obj</name>
      </input_file>
      <input_file id="fl-eb">
         <path>D:\CCS\ccsv7\tools\compiler\ti-cgt-arm_16.9.0.LTS\lib\</path>
         <kind>archive</kind>
         <file>rtsv7M4_T_le_v4SPD16_eabi.lib</file>
         <name>l_div0.obj</name>
      </input_file>
      <input_file id="fl-ec">
         <path>D:\CCS\ccsv7\tools\compiler\ti-cgt-arm_16.9.0.LTS\lib\</path>
         <kind>archive</kind>
         <file>rtsv7M4_T_le_v4SPD16_eabi.lib</file>
         <name>startup.obj</name>
      </input_file>
      <input_file id="fl-ed">
         <path>D:\CCS\TivaWare_C_Series-2.1.4.178\driverlib\ccs\Debug\</path>
         <kind>archive</kind>
         <file>driverlib.lib</file>
         <name>fpu.obj</name>
      </input_file>
      <input_file id="fl-ee">
         <path>D:\CCS\TivaWare_C_Series-2.1.4.178\driverlib\ccs\Debug\</path>
         <kind>archive</kind>
         <file>driverlib.lib</file>
         <name>gpio.obj</name>
      </input_file>
      <input_file id="fl-ef">
         <path>D:\CCS\TivaWare_C_Series-2.1.4.178\driverlib\ccs\Debug\</path>
         <kind>archive</kind>
         <file>driverlib.lib</file>
         <name>i2c.obj</name>
      </input_file>
      <input_file id="fl-f0">
         <path>D:\CCS\TivaWare_C_Series-2.1.4.178\driverlib\ccs\Debug\</path>
         <kind>archive</kind>
         <file>driverlib.lib</file>
         <name>interrupt.obj</name>
      </input_file>
      <input_file id="fl-f1">
         <path>D:\CCS\TivaWare_C_Series-2.1.4.178\driverlib\ccs\Debug\</path>
         <kind>archive</kind>
         <file>driverlib.lib</file>
         <name>pwm.obj</name>
      </input_file>
      <input_file id="fl-f2">
         <path>D:\CCS\TivaWare_C_Series-2.1.4.178\driverlib\ccs\Debug\</path>
         <kind>archive</kind>
         <file>driverlib.lib</file>
         <name>sysctl.obj</name>
      </input_file>
      <input_file id="fl-f3">
         <path>D:\CCS\TivaWare_C_Series-2.1.4.178\driverlib\ccs\Debug\</path>
         <kind>archive</kind>
         <file>driverlib.lib</file>
         <name>systick.obj</name>
      </input_file>
      <input_file id="fl-f4">
         <path>D:\CCS\TivaWare_C_Series-2.1.4.178\driverlib\ccs\Debug\</path>
         <kind>archive</kind>
         <file>driverlib.lib</file>
         <name>uart.obj</name>
      </input_file>
      <input_file id="fl-f5">
         <path>D:\CCS\TivaWare_C_Series-2.1.4.178\driverlib\ccs\Debug\</path>
         <kind>archive</kind>
         <file>driverlib.lib</file>
         <name>cpu.obj</name>
      </input_file>
   </input_file_list>
   <object_component_list>
      <object_component id="oc-f">
         <name>.intvecs</name>
         <load_address>0x0</load_address>
         <run_address>0x0</run_address>
         <size>0x26c</size>
         <input_file_ref idref="fl-3"/>
      </object_component>
      <object_component id="oc-1eb">
         <name>.text</name>
         <load_address>0x26c</load_address>
         <run_address>0x26c</run_address>
         <size>0x49c</size>
         <input_file_ref idref="fl-b"/>
      </object_component>
      <object_component id="oc-1a5">
         <name>.text</name>
         <load_address>0x708</load_address>
         <run_address>0x708</run_address>
         <size>0x49c</size>
         <input_file_ref idref="fl-e"/>
      </object_component>
      <object_component id="oc-20f">
         <name>.text</name>
         <load_address>0xba4</load_address>
         <run_address>0xba4</run_address>
         <size>0x46a</size>
         <input_file_ref idref="fl-7"/>
      </object_component>
      <object_component id="oc-318">
         <name>.text</name>
         <load_address>0x100e</load_address>
         <run_address>0x100e</run_address>
         <size>0x2</size>
         <input_file_ref idref="fl-ea"/>
      </object_component>
      <object_component id="oc-a7">
         <name>.text</name>
         <load_address>0x1010</load_address>
         <run_address>0x1010</run_address>
         <size>0x3a0</size>
         <input_file_ref idref="fl-2"/>
      </object_component>
      <object_component id="oc-118">
         <name>.text</name>
         <load_address>0x13b0</load_address>
         <run_address>0x13b0</run_address>
         <size>0x364</size>
         <input_file_ref idref="fl-c"/>
      </object_component>
      <object_component id="oc-fa">
         <name>.text</name>
         <load_address>0x1714</load_address>
         <run_address>0x1714</run_address>
         <size>0x2e0</size>
         <input_file_ref idref="fl-4"/>
      </object_component>
      <object_component id="oc-e8">
         <name>.text</name>
         <load_address>0x19f4</load_address>
         <run_address>0x19f4</run_address>
         <size>0x178</size>
         <input_file_ref idref="fl-d"/>
      </object_component>
      <object_component id="oc-21a">
         <name>.text</name>
         <load_address>0x1b6c</load_address>
         <run_address>0x1b6c</run_address>
         <size>0x136</size>
         <input_file_ref idref="fl-d6"/>
      </object_component>
      <object_component id="oc-1d7">
         <name>.text:GPIOPadConfigSet</name>
         <load_address>0x1ca2</load_address>
         <run_address>0x1ca2</run_address>
         <size>0x132</size>
         <input_file_ref idref="fl-ee"/>
      </object_component>
      <object_component id="oc-16e">
         <name>.text:SysCtlClockGet</name>
         <load_address>0x1dd4</load_address>
         <run_address>0x1dd4</run_address>
         <size>0x110</size>
         <input_file_ref idref="fl-f2"/>
      </object_component>
      <object_component id="oc-d0">
         <name>.text:SysCtlClockSet</name>
         <load_address>0x1ee4</load_address>
         <run_address>0x1ee4</run_address>
         <size>0xf4</size>
         <input_file_ref idref="fl-f2"/>
      </object_component>
      <object_component id="oc-f4">
         <name>.text</name>
         <load_address>0x1fd8</load_address>
         <run_address>0x1fd8</run_address>
         <size>0xcc</size>
         <input_file_ref idref="fl-5"/>
      </object_component>
      <object_component id="oc-ee">
         <name>.text</name>
         <load_address>0x20a4</load_address>
         <run_address>0x20a4</run_address>
         <size>0xa0</size>
         <input_file_ref idref="fl-6"/>
      </object_component>
      <object_component id="oc-3f">
         <name>.text</name>
         <load_address>0x2144</load_address>
         <run_address>0x2144</run_address>
         <size>0x9c</size>
         <input_file_ref idref="fl-df"/>
      </object_component>
      <object_component id="oc-10c">
         <name>.text</name>
         <load_address>0x21e0</load_address>
         <run_address>0x21e0</run_address>
         <size>0x90</size>
         <input_file_ref idref="fl-f"/>
      </object_component>
      <object_component id="oc-4b">
         <name>.text</name>
         <load_address>0x2270</load_address>
         <run_address>0x2270</run_address>
         <size>0x7a</size>
         <input_file_ref idref="fl-e0"/>
      </object_component>
      <object_component id="oc-57">
         <name>.text</name>
         <load_address>0x22ea</load_address>
         <run_address>0x22ea</run_address>
         <size>0x2</size>
         <input_file_ref idref="fl-e1"/>
      </object_component>
      <object_component id="oc-63">
         <name>.text</name>
         <load_address>0x22ec</load_address>
         <run_address>0x22ec</run_address>
         <size>0x70</size>
         <input_file_ref idref="fl-e8"/>
      </object_component>
      <object_component id="oc-21f">
         <name>.text</name>
         <load_address>0x235c</load_address>
         <run_address>0x235c</run_address>
         <size>0x6e</size>
         <input_file_ref idref="fl-d9"/>
      </object_component>
      <object_component id="oc-9f">
         <name>.text</name>
         <load_address>0x23ca</load_address>
         <run_address>0x23ca</run_address>
         <size>0x2</size>
         <input_file_ref idref="fl-ec"/>
      </object_component>
      <object_component id="oc-1c3">
         <name>.text:IntEnable</name>
         <load_address>0x23cc</load_address>
         <run_address>0x23cc</run_address>
         <size>0x68</size>
         <input_file_ref idref="fl-f0"/>
      </object_component>
      <object_component id="oc-12">
         <name>.text:decompress:lzss</name>
         <load_address>0x2434</load_address>
         <run_address>0x2434</run_address>
         <size>0x68</size>
         <input_file_ref idref="fl-cc"/>
      </object_component>
      <object_component id="oc-24">
         <name>.text</name>
         <load_address>0x249c</load_address>
         <run_address>0x249c</run_address>
         <size>0x54</size>
         <input_file_ref idref="fl-cb"/>
      </object_component>
      <object_component id="oc-6f">
         <name>.text</name>
         <load_address>0x24f0</load_address>
         <run_address>0x24f0</run_address>
         <size>0x54</size>
         <input_file_ref idref="fl-d3"/>
      </object_component>
      <object_component id="oc-2d1">
         <name>.text:I2CMasterInitExpClk</name>
         <load_address>0x2544</load_address>
         <run_address>0x2544</run_address>
         <size>0x4c</size>
         <input_file_ref idref="fl-ef"/>
      </object_component>
      <object_component id="oc-99">
         <name>.text</name>
         <load_address>0x2590</load_address>
         <run_address>0x2590</run_address>
         <size>0x4c</size>
         <input_file_ref idref="fl-e9"/>
      </object_component>
      <object_component id="oc-193">
         <name>.text:GPIOPinConfigure</name>
         <load_address>0x25dc</load_address>
         <run_address>0x25dc</run_address>
         <size>0x48</size>
         <input_file_ref idref="fl-ee"/>
      </object_component>
      <object_component id="oc-1b1">
         <name>.text:UARTConfigSetExpClk</name>
         <load_address>0x2624</load_address>
         <run_address>0x2624</run_address>
         <size>0x46</size>
         <input_file_ref idref="fl-f4"/>
      </object_component>
      <object_component id="oc-28b">
         <name>.text:_UARTIntNumberGet</name>
         <load_address>0x266c</load_address>
         <run_address>0x266c</run_address>
         <size>0x40</size>
         <input_file_ref idref="fl-f4"/>
      </object_component>
      <object_component id="oc-274">
         <name>.text</name>
         <load_address>0x26ac</load_address>
         <run_address>0x26ac</run_address>
         <size>0x40</size>
         <input_file_ref idref="fl-e5"/>
      </object_component>
      <object_component id="oc-259">
         <name>.text:SysCtlPeripheralPresent</name>
         <load_address>0x26ec</load_address>
         <run_address>0x26ec</run_address>
         <size>0x38</size>
         <input_file_ref idref="fl-f2"/>
      </object_component>
      <object_component id="oc-215">
         <name>.text</name>
         <load_address>0x2724</load_address>
         <run_address>0x2724</run_address>
         <size>0x38</size>
         <input_file_ref idref="fl-da"/>
      </object_component>
      <object_component id="oc-e2">
         <name>.text</name>
         <load_address>0x275c</load_address>
         <run_address>0x275c</run_address>
         <size>0x38</size>
         <input_file_ref idref="fl-10"/>
      </object_component>
      <object_component id="oc-243">
         <name>.text:IntRegister</name>
         <load_address>0x2794</load_address>
         <run_address>0x2794</run_address>
         <size>0x34</size>
         <input_file_ref idref="fl-f0"/>
      </object_component>
      <object_component id="oc-18d">
         <name>.text:SysCtlPeripheralEnable</name>
         <load_address>0x27c8</load_address>
         <run_address>0x27c8</run_address>
         <size>0x34</size>
         <input_file_ref idref="fl-f2"/>
      </object_component>
      <object_component id="oc-1e4">
         <name>.text:GPIODirModeSet</name>
         <load_address>0x27fc</load_address>
         <run_address>0x27fc</run_address>
         <size>0x2a</size>
         <input_file_ref idref="fl-ee"/>
      </object_component>
      <object_component id="oc-2ab">
         <name>.text:PWMGenConfigure</name>
         <load_address>0x2826</load_address>
         <run_address>0x2826</run_address>
         <size>0x22</size>
         <input_file_ref idref="fl-f1"/>
      </object_component>
      <object_component id="oc-284">
         <name>.text:UARTDisable</name>
         <load_address>0x2848</load_address>
         <run_address>0x2848</run_address>
         <size>0x20</size>
         <input_file_ref idref="fl-f4"/>
      </object_component>
      <object_component id="oc-1fd">
         <name>.text:PWMPulseWidthSet</name>
         <load_address>0x2868</load_address>
         <run_address>0x2868</run_address>
         <size>0x1e</size>
         <input_file_ref idref="fl-f1"/>
      </object_component>
      <object_component id="oc-17a">
         <name>.text:SysTickIntRegister</name>
         <load_address>0x2888</load_address>
         <run_address>0x2888</run_address>
         <size>0x1c</size>
         <input_file_ref idref="fl-f3"/>
      </object_component>
      <object_component id="oc-1cb">
         <name>.text:GPIOPinTypeGPIOOutput</name>
         <load_address>0x28a4</load_address>
         <run_address>0x28a4</run_address>
         <size>0x18</size>
         <input_file_ref idref="fl-ee"/>
      </object_component>
      <object_component id="oc-1b7">
         <name>.text:UARTIntRegister</name>
         <load_address>0x28bc</load_address>
         <run_address>0x28bc</run_address>
         <size>0x18</size>
         <input_file_ref idref="fl-f4"/>
      </object_component>
      <object_component id="oc-69">
         <name>.text</name>
         <load_address>0x28d4</load_address>
         <run_address>0x28d4</run_address>
         <size>0x18</size>
         <input_file_ref idref="fl-e7"/>
      </object_component>
      <object_component id="oc-2ef">
         <name>.text:I2CMasterErr</name>
         <load_address>0x28ec</load_address>
         <run_address>0x28ec</run_address>
         <size>0x16</size>
         <input_file_ref idref="fl-ef"/>
      </object_component>
      <object_component id="oc-29f">
         <name>.text:SysCtlPWMClockSet</name>
         <load_address>0x2904</load_address>
         <run_address>0x2904</run_address>
         <size>0x14</size>
         <input_file_ref idref="fl-f2"/>
      </object_component>
      <object_component id="oc-11e">
         <name>.text:SysTickDisable</name>
         <load_address>0x2918</load_address>
         <run_address>0x2918</run_address>
         <size>0x14</size>
         <input_file_ref idref="fl-f3"/>
      </object_component>
      <object_component id="oc-112">
         <name>.text:SysTickEnable</name>
         <load_address>0x292c</load_address>
         <run_address>0x292c</run_address>
         <size>0x14</size>
         <input_file_ref idref="fl-f3"/>
      </object_component>
      <object_component id="oc-180">
         <name>.text:SysTickIntEnable</name>
         <load_address>0x2940</load_address>
         <run_address>0x2940</run_address>
         <size>0x14</size>
         <input_file_ref idref="fl-f3"/>
      </object_component>
      <object_component id="oc-25f">
         <name>.text:UARTEnable</name>
         <load_address>0x2954</load_address>
         <run_address>0x2954</run_address>
         <size>0x14</size>
         <input_file_ref idref="fl-f4"/>
      </object_component>
      <object_component id="oc-151">
         <name>.text</name>
         <load_address>0x2968</load_address>
         <run_address>0x2968</run_address>
         <size>0x14</size>
         <input_file_ref idref="fl-e6"/>
      </object_component>
      <object_component id="oc-1d1">
         <name>.text:GPIOPinTypeGPIOInput</name>
         <load_address>0x297c</load_address>
         <run_address>0x297c</run_address>
         <size>0x12</size>
         <input_file_ref idref="fl-ee"/>
      </object_component>
      <object_component id="oc-2cb">
         <name>.text:GPIOPinTypeI2C</name>
         <load_address>0x298e</load_address>
         <run_address>0x298e</run_address>
         <size>0x12</size>
         <input_file_ref idref="fl-ee"/>
      </object_component>
      <object_component id="oc-2c5">
         <name>.text:GPIOPinTypeI2CSCL</name>
         <load_address>0x29a0</load_address>
         <run_address>0x29a0</run_address>
         <size>0x12</size>
         <input_file_ref idref="fl-ee"/>
      </object_component>
      <object_component id="oc-2a5">
         <name>.text:GPIOPinTypePWM</name>
         <load_address>0x29b2</load_address>
         <run_address>0x29b2</run_address>
         <size>0x12</size>
         <input_file_ref idref="fl-ee"/>
      </object_component>
      <object_component id="oc-199">
         <name>.text:GPIOPinTypeUART</name>
         <load_address>0x29c4</load_address>
         <run_address>0x29c4</run_address>
         <size>0x12</size>
         <input_file_ref idref="fl-ee"/>
      </object_component>
      <object_component id="oc-1f7">
         <name>.text:PWMGenPeriodGet</name>
         <load_address>0x29d6</load_address>
         <run_address>0x29d6</run_address>
         <size>0x12</size>
         <input_file_ref idref="fl-f1"/>
      </object_component>
      <object_component id="oc-1f1">
         <name>.text:PWMOutputState</name>
         <load_address>0x29e8</load_address>
         <run_address>0x29e8</run_address>
         <size>0x12</size>
         <input_file_ref idref="fl-f1"/>
      </object_component>
      <object_component id="oc-d6">
         <name>.text:FPUEnable</name>
         <load_address>0x29fc</load_address>
         <run_address>0x29fc</run_address>
         <size>0x10</size>
         <input_file_ref idref="fl-ed"/>
      </object_component>
      <object_component id="oc-dc">
         <name>.text:FPULazyStackingEnable</name>
         <load_address>0x2a0c</load_address>
         <run_address>0x2a0c</run_address>
         <size>0x10</size>
         <input_file_ref idref="fl-ed"/>
      </object_component>
      <object_component id="oc-186">
         <name>.text:IntMasterDisable</name>
         <load_address>0x2a1c</load_address>
         <run_address>0x2a1c</run_address>
         <size>0x10</size>
         <input_file_ref idref="fl-f0"/>
      </object_component>
      <object_component id="oc-100">
         <name>.text:IntMasterEnable</name>
         <load_address>0x2a2c</load_address>
         <run_address>0x2a2c</run_address>
         <size>0x10</size>
         <input_file_ref idref="fl-f0"/>
      </object_component>
      <object_component id="oc-2b1">
         <name>.text:PWMGenPeriodSet</name>
         <load_address>0x2a3c</load_address>
         <run_address>0x2a3c</run_address>
         <size>0x10</size>
         <input_file_ref idref="fl-f1"/>
      </object_component>
      <object_component id="oc-174">
         <name>.text:SysTickPeriodSet</name>
         <load_address>0x2a4c</load_address>
         <run_address>0x2a4c</run_address>
         <size>0x10</size>
         <input_file_ref idref="fl-f3"/>
      </object_component>
      <object_component id="oc-130">
         <name>.text:UARTCharGetNonBlocking</name>
         <load_address>0x2a5c</load_address>
         <run_address>0x2a5c</run_address>
         <size>0xe</size>
         <input_file_ref idref="fl-f4"/>
      </object_component>
      <object_component id="oc-136">
         <name>.text:UARTCharsAvail</name>
         <load_address>0x2a6a</load_address>
         <run_address>0x2a6a</run_address>
         <size>0xe</size>
         <input_file_ref idref="fl-f4"/>
      </object_component>
      <object_component id="oc-18">
         <name>.text:decompress:none</name>
         <load_address>0x2a78</load_address>
         <run_address>0x2a78</run_address>
         <size>0xe</size>
         <input_file_ref idref="fl-cd"/>
      </object_component>
      <object_component id="oc-24b">
         <name>.text:CPUcpsid</name>
         <load_address>0x2a86</load_address>
         <run_address>0x2a86</run_address>
         <size>0xc</size>
         <input_file_ref idref="fl-f5"/>
      </object_component>
      <object_component id="oc-204">
         <name>.text:CPUcpsie</name>
         <load_address>0x2a92</load_address>
         <run_address>0x2a92</run_address>
         <size>0xc</size>
         <input_file_ref idref="fl-f5"/>
      </object_component>
      <object_component id="oc-2b7">
         <name>.text:PWMGenEnable</name>
         <load_address>0x2a9e</load_address>
         <run_address>0x2a9e</run_address>
         <size>0xc</size>
         <input_file_ref idref="fl-f1"/>
      </object_component>
      <object_component id="oc-1e">
         <name>.text:decompress:ZI</name>
         <load_address>0x2aaa</load_address>
         <run_address>0x2aaa</run_address>
         <size>0xc</size>
         <input_file_ref idref="fl-ce"/>
      </object_component>
      <object_component id="oc-2b">
         <name>.text</name>
         <load_address>0x2ab6</load_address>
         <run_address>0x2ab6</run_address>
         <size>0xc</size>
         <input_file_ref idref="fl-3"/>
      </object_component>
      <object_component id="oc-339">
         <name>.text:I2CMasterEnable</name>
         <load_address>0x2ac2</load_address>
         <run_address>0x2ac2</run_address>
         <size>0xa</size>
         <input_file_ref idref="fl-ef"/>
      </object_component>
      <object_component id="oc-265">
         <name>.text:UARTCharGet</name>
         <load_address>0x2acc</load_address>
         <run_address>0x2acc</run_address>
         <size>0xa</size>
         <input_file_ref idref="fl-f4"/>
      </object_component>
      <object_component id="oc-1ab">
         <name>.text:UARTCharPut</name>
         <load_address>0x2ad6</load_address>
         <run_address>0x2ad6</run_address>
         <size>0xa</size>
         <input_file_ref idref="fl-f4"/>
      </object_component>
      <object_component id="oc-124">
         <name>.text:UARTIntStatus</name>
         <load_address>0x2ae0</load_address>
         <run_address>0x2ae0</run_address>
         <size>0xa</size>
         <input_file_ref idref="fl-f4"/>
      </object_component>
      <object_component id="oc-2d7">
         <name>.text:I2CMasterBusy</name>
         <load_address>0x2aea</load_address>
         <run_address>0x2aea</run_address>
         <size>0x8</size>
         <input_file_ref idref="fl-ef"/>
      </object_component>
      <object_component id="oc-2dd">
         <name>.text:I2CMasterSlaveAddrSet</name>
         <load_address>0x2af2</load_address>
         <run_address>0x2af2</run_address>
         <size>0x8</size>
         <input_file_ref idref="fl-ef"/>
      </object_component>
      <object_component id="oc-1bd">
         <name>.text:UARTIntEnable</name>
         <load_address>0x2afa</load_address>
         <run_address>0x2afa</run_address>
         <size>0x8</size>
         <input_file_ref idref="fl-f4"/>
      </object_component>
      <object_component id="oc-1dd">
         <name>.text:GPIOPinRead</name>
         <load_address>0x2b02</load_address>
         <run_address>0x2b02</run_address>
         <size>0x6</size>
         <input_file_ref idref="fl-ee"/>
      </object_component>
      <object_component id="oc-106">
         <name>.text:GPIOPinWrite</name>
         <load_address>0x2b08</load_address>
         <run_address>0x2b08</run_address>
         <size>0x6</size>
         <input_file_ref idref="fl-ee"/>
      </object_component>
      <object_component id="oc-169">
         <name>.text:SysCtlDelay</name>
         <load_address>0x2b0e</load_address>
         <run_address>0x2b0e</run_address>
         <size>0x6</size>
         <input_file_ref idref="fl-f2"/>
      </object_component>
      <object_component id="oc-19f">
         <name>.text:UARTClockSourceSet</name>
         <load_address>0x2b14</load_address>
         <run_address>0x2b14</run_address>
         <size>0x6</size>
         <input_file_ref idref="fl-f4"/>
      </object_component>
      <object_component id="oc-2e9">
         <name>.text:I2CMasterControl</name>
         <load_address>0x2b1a</load_address>
         <run_address>0x2b1a</run_address>
         <size>0x4</size>
         <input_file_ref idref="fl-ef"/>
      </object_component>
      <object_component id="oc-2f5">
         <name>.text:I2CMasterDataGet</name>
         <load_address>0x2b1e</load_address>
         <run_address>0x2b1e</run_address>
         <size>0x4</size>
         <input_file_ref idref="fl-ef"/>
      </object_component>
      <object_component id="oc-2e3">
         <name>.text:I2CMasterDataPut</name>
         <load_address>0x2b22</load_address>
         <run_address>0x2b22</run_address>
         <size>0x4</size>
         <input_file_ref idref="fl-ef"/>
      </object_component>
      <object_component id="oc-12a">
         <name>.text:UARTIntClear</name>
         <load_address>0x2b26</load_address>
         <run_address>0x2b26</run_address>
         <size>0x4</size>
         <input_file_ref idref="fl-f4"/>
      </object_component>
      <object_component id="oc-5d">
         <name>.text</name>
         <load_address>0x2b2a</load_address>
         <run_address>0x2b2a</run_address>
         <size>0x4</size>
         <input_file_ref idref="fl-e2"/>
      </object_component>
      <object_component id="oc-253">
         <name>.const:g_pui32GPIOBaseAddrs</name>
         <load_address>0x2b30</load_address>
         <run_address>0x2b30</run_address>
         <size>0x90</size>
         <input_file_ref idref="fl-ee"/>
      </object_component>
      <object_component id="oc-293">
         <name>.const</name>
         <load_address>0x2bc0</load_address>
         <run_address>0x2bc0</run_address>
         <size>0x70</size>
         <input_file_ref idref="fl-f0"/>
      </object_component>
      <object_component id="oc-23d">
         <name>.const:g_pui32Xtals</name>
         <load_address>0x2c30</load_address>
         <run_address>0x2c30</run_address>
         <size>0x6c</size>
         <input_file_ref idref="fl-f2"/>
      </object_component>
      <object_component id="oc-325">
         <name>.const:g_ppui32UARTIntMap</name>
         <load_address>0x2c9c</load_address>
         <run_address>0x2c9c</run_address>
         <size>0x40</size>
         <input_file_ref idref="fl-f4"/>
      </object_component>
      <object_component id="oc-328">
         <name>.const:g_ppui32UARTIntMapSnowflake</name>
         <load_address>0x2cdc</load_address>
         <run_address>0x2cdc</run_address>
         <size>0x40</size>
         <input_file_ref idref="fl-f4"/>
      </object_component>
      <object_component id="oc-31f">
         <name>.const:.string</name>
         <load_address>0x2d1c</load_address>
         <run_address>0x2d1c</run_address>
         <size>0x12</size>
         <input_file_ref idref="fl-e"/>
      </object_component>
      <object_component id="oc-271">
         <name>.const:g_ui32UARTBase</name>
         <load_address>0x2d30</load_address>
         <run_address>0x2d30</run_address>
         <size>0xc</size>
         <input_file_ref idref="fl-e"/>
      </object_component>
      <object_component id="oc-26b">
         <name>.const:g_ui32UARTPeriph</name>
         <load_address>0x2d3c</load_address>
         <run_address>0x2d3c</run_address>
         <size>0xc</size>
         <input_file_ref idref="fl-e"/>
      </object_component>
      <object_component id="oc-279">
         <name>.const</name>
         <load_address>0x2d48</load_address>
         <run_address>0x2d48</run_address>
         <size>0x4</size>
         <input_file_ref idref="fl-e"/>
      </object_component>
      <object_component id="oc-375">
         <name>.cinit..data.load</name>
         <load_address>0x2d50</load_address>
         <run_address>0x2d50</run_address>
         <size>0x2e</size>
      </object_component>
      <object_component id="oc-372">
         <name>__TI_handler_table</name>
         <load_address>0x2d80</load_address>
         <run_address>0x2d80</run_address>
         <size>0xc</size>
      </object_component>
      <object_component id="oc-376">
         <name>.cinit..bss.load</name>
         <load_address>0x2d90</load_address>
         <run_address>0x2d90</run_address>
         <size>0x8</size>
      </object_component>
      <object_component id="oc-374">
         <name>.cinit..vtable.load</name>
         <load_address>0x2d98</load_address>
         <run_address>0x2d98</run_address>
         <size>0x8</size>
      </object_component>
      <object_component id="oc-373">
         <name>__TI_cinit_table</name>
         <load_address>0x2da0</load_address>
         <run_address>0x2da0</run_address>
         <size>0x18</size>
      </object_component>
      <object_component id="oc-308">
         <name>.vtable</name>
         <uninitialized>true</uninitialized>
         <run_address>0x20000000</run_address>
         <size>0x26c</size>
         <input_file_ref idref="fl-f0"/>
      </object_component>
      <object_component id="oc-13c">
         <name>.data</name>
         <load_address>0x2000048c</load_address>
         <run_address>0x2000048c</run_address>
         <size>0x10</size>
         <input_file_ref idref="fl-2"/>
      </object_component>
      <object_component id="oc-13f">
         <name>.data:servoVal</name>
         <load_address>0x200004a8</load_address>
         <run_address>0x200004a8</run_address>
         <size>0xc</size>
         <input_file_ref idref="fl-2"/>
      </object_component>
      <object_component id="oc-224">
         <name>.data:angle_last$1</name>
         <load_address>0x2000046c</load_address>
         <run_address>0x2000046c</run_address>
         <size>0x20</size>
         <input_file_ref idref="fl-c"/>
      </object_component>
      <object_component id="oc-26e">
         <name>.data</name>
         <load_address>0x200004bc</load_address>
         <run_address>0x200004bc</run_address>
         <size>0x5</size>
         <input_file_ref idref="fl-e"/>
      </object_component>
      <object_component id="oc-af">
         <name>.data:$O1$$</name>
         <load_address>0x2000049c</load_address>
         <run_address>0x2000049c</run_address>
         <size>0xc</size>
         <input_file_ref idref="fl-d3"/>
      </object_component>
      <object_component id="oc-75">
         <name>.data</name>
         <load_address>0x200004c4</load_address>
         <run_address>0x200004c4</run_address>
         <size>0x4</size>
         <input_file_ref idref="fl-e4"/>
      </object_component>
      <object_component id="oc-b2">
         <name>.data:$O1$$</name>
         <load_address>0x200004b4</load_address>
         <run_address>0x200004b4</run_address>
         <size>0x8</size>
         <input_file_ref idref="fl-e6"/>
      </object_component>
      <object_component id="oc-145">
         <name>.common:pitch</name>
         <uninitialized>true</uninitialized>
         <run_address>0x200004c8</run_address>
         <size>0x4</size>
      </object_component>
      <object_component id="oc-146">
         <name>.common:roll</name>
         <uninitialized>true</uninitialized>
         <run_address>0x200004cc</run_address>
         <size>0x4</size>
      </object_component>
      <object_component id="oc-142">
         <name>.common:yaw</name>
         <uninitialized>true</uninitialized>
         <run_address>0x200004d0</run_address>
         <size>0x4</size>
      </object_component>
      <object_component id="oc-2a">
         <name>.stack</name>
         <uninitialized>true</uninitialized>
         <run_address>0x2000026c</run_address>
         <size>0x0</size>
         <input_file_ref idref="fl-cb"/>
      </object_component>
      <object_component id="oc-377">
         <name>.stack</name>
         <uninitialized>true</uninitialized>
         <run_address>0x2000026c</run_address>
         <size>0x0</size>
      </object_component>
      <object_component id="oc-143">
         <name>.debug_info</name>
         <load_address>0x0</load_address>
         <run_address>0x0</run_address>
         <size>0x6cb</size>
         <input_file_ref idref="fl-2"/>
      </object_component>
      <object_component id="oc-13d">
         <name>.debug_info</name>
         <load_address>0x6cb</load_address>
         <run_address>0x6cb</run_address>
         <size>0x146</size>
         <input_file_ref idref="fl-2"/>
      </object_component>
      <object_component id="oc-140">
         <name>.debug_info</name>
         <load_address>0x811</load_address>
         <run_address>0x811</run_address>
         <size>0xc9</size>
         <input_file_ref idref="fl-2"/>
      </object_component>
      <object_component id="oc-a8">
         <name>.debug_info</name>
         <load_address>0x8da</load_address>
         <run_address>0x8da</run_address>
         <size>0x69d</size>
         <input_file_ref idref="fl-2"/>
      </object_component>
      <object_component id="oc-ba">
         <name>.debug_info</name>
         <load_address>0xf77</load_address>
         <run_address>0xf77</run_address>
         <size>0x8b</size>
         <input_file_ref idref="fl-2"/>
      </object_component>
      <object_component id="oc-7c">
         <name>.debug_info</name>
         <load_address>0x1002</load_address>
         <run_address>0x1002</run_address>
         <size>0x18b</size>
         <input_file_ref idref="fl-2"/>
      </object_component>
      <object_component id="oc-27e">
         <name>.debug_info</name>
         <load_address>0x118d</load_address>
         <run_address>0x118d</run_address>
         <size>0x4e</size>
         <input_file_ref idref="fl-2"/>
      </object_component>
      <object_component id="oc-33">
         <name>.debug_info</name>
         <load_address>0x11db</load_address>
         <run_address>0x11db</run_address>
         <size>0xfa</size>
         <input_file_ref idref="fl-3"/>
      </object_component>
      <object_component id="oc-10">
         <name>.debug_info</name>
         <load_address>0x12d5</load_address>
         <run_address>0x12d5</run_address>
         <size>0xe5</size>
         <input_file_ref idref="fl-3"/>
      </object_component>
      <object_component id="oc-2c">
         <name>.debug_info</name>
         <load_address>0x13ba</load_address>
         <run_address>0x13ba</run_address>
         <size>0x261</size>
         <input_file_ref idref="fl-3"/>
      </object_component>
      <object_component id="oc-3a">
         <name>.debug_info</name>
         <load_address>0x161b</load_address>
         <run_address>0x161b</run_address>
         <size>0x84</size>
         <input_file_ref idref="fl-3"/>
      </object_component>
      <object_component id="oc-fb">
         <name>.debug_info</name>
         <load_address>0x169f</load_address>
         <run_address>0x169f</run_address>
         <size>0xb27</size>
         <input_file_ref idref="fl-4"/>
      </object_component>
      <object_component id="oc-f5">
         <name>.debug_info</name>
         <load_address>0x21c6</load_address>
         <run_address>0x21c6</run_address>
         <size>0x53f</size>
         <input_file_ref idref="fl-5"/>
      </object_component>
      <object_component id="oc-f1">
         <name>.debug_info</name>
         <load_address>0x2705</load_address>
         <run_address>0x2705</run_address>
         <size>0x4bf</size>
         <input_file_ref idref="fl-6"/>
      </object_component>
      <object_component id="oc-2fc">
         <name>.debug_info</name>
         <load_address>0x2bc4</load_address>
         <run_address>0x2bc4</run_address>
         <size>0x34d</size>
         <input_file_ref idref="fl-7"/>
      </object_component>
      <object_component id="oc-211">
         <name>.debug_info</name>
         <load_address>0x2f11</load_address>
         <run_address>0x2f11</run_address>
         <size>0xfbd</size>
         <input_file_ref idref="fl-7"/>
      </object_component>
      <object_component id="oc-1ef">
         <name>.debug_info</name>
         <load_address>0x3ece</load_address>
         <run_address>0x3ece</run_address>
         <size>0xefa</size>
         <input_file_ref idref="fl-b"/>
      </object_component>
      <object_component id="oc-226">
         <name>.debug_info</name>
         <load_address>0x4dc8</load_address>
         <run_address>0x4dc8</run_address>
         <size>0x1e7</size>
         <input_file_ref idref="fl-c"/>
      </object_component>
      <object_component id="oc-119">
         <name>.debug_info</name>
         <load_address>0x4faf</load_address>
         <run_address>0x4faf</run_address>
         <size>0xb5c</size>
         <input_file_ref idref="fl-c"/>
      </object_component>
      <object_component id="oc-1ca">
         <name>.debug_info</name>
         <load_address>0x5b0b</load_address>
         <run_address>0x5b0b</run_address>
         <size>0x358</size>
         <input_file_ref idref="fl-d"/>
      </object_component>
      <object_component id="oc-eb">
         <name>.debug_info</name>
         <load_address>0x5e63</load_address>
         <run_address>0x5e63</run_address>
         <size>0x603</size>
         <input_file_ref idref="fl-d"/>
      </object_component>
      <object_component id="oc-27d">
         <name>.debug_info</name>
         <load_address>0x6466</load_address>
         <run_address>0x6466</run_address>
         <size>0x239</size>
         <input_file_ref idref="fl-e"/>
      </object_component>
      <object_component id="oc-26f">
         <name>.debug_info</name>
         <load_address>0x669f</load_address>
         <run_address>0x669f</run_address>
         <size>0xd6</size>
         <input_file_ref idref="fl-e"/>
      </object_component>
      <object_component id="oc-27a">
         <name>.debug_info</name>
         <load_address>0x6775</load_address>
         <run_address>0x6775</run_address>
         <size>0xd0</size>
         <input_file_ref idref="fl-e"/>
      </object_component>
      <object_component id="oc-272">
         <name>.debug_info</name>
         <load_address>0x6845</load_address>
         <run_address>0x6845</run_address>
         <size>0xde</size>
         <input_file_ref idref="fl-e"/>
      </object_component>
      <object_component id="oc-26c">
         <name>.debug_info</name>
         <load_address>0x6923</load_address>
         <run_address>0x6923</run_address>
         <size>0xe2</size>
         <input_file_ref idref="fl-e"/>
      </object_component>
      <object_component id="oc-1a9">
         <name>.debug_info</name>
         <load_address>0x6a05</load_address>
         <run_address>0x6a05</run_address>
         <size>0x7bb</size>
         <input_file_ref idref="fl-e"/>
      </object_component>
      <object_component id="oc-10e">
         <name>.debug_info</name>
         <load_address>0x71c0</load_address>
         <run_address>0x71c0</run_address>
         <size>0x286</size>
         <input_file_ref idref="fl-f"/>
      </object_component>
      <object_component id="oc-e3">
         <name>.debug_info</name>
         <load_address>0x7446</load_address>
         <run_address>0x7446</run_address>
         <size>0x1e8</size>
         <input_file_ref idref="fl-10"/>
      </object_component>
      <object_component id="oc-26">
         <name>.debug_info</name>
         <load_address>0x762e</load_address>
         <run_address>0x762e</run_address>
         <size>0x160</size>
         <input_file_ref idref="fl-cb"/>
      </object_component>
      <object_component id="oc-86">
         <name>.debug_info</name>
         <load_address>0x778e</load_address>
         <run_address>0x778e</run_address>
         <size>0xf9</size>
         <input_file_ref idref="fl-cc"/>
      </object_component>
      <object_component id="oc-16">
         <name>.debug_info</name>
         <load_address>0x7887</load_address>
         <run_address>0x7887</run_address>
         <size>0x245</size>
         <input_file_ref idref="fl-cc"/>
      </object_component>
      <object_component id="oc-35">
         <name>.debug_info</name>
         <load_address>0x7acc</load_address>
         <run_address>0x7acc</run_address>
         <size>0x60</size>
         <input_file_ref idref="fl-cc"/>
      </object_component>
      <object_component id="oc-81">
         <name>.debug_info</name>
         <load_address>0x7b2c</load_address>
         <run_address>0x7b2c</run_address>
         <size>0x46</size>
         <input_file_ref idref="fl-cc"/>
      </object_component>
      <object_component id="oc-4a">
         <name>.debug_info</name>
         <load_address>0x7b72</load_address>
         <run_address>0x7b72</run_address>
         <size>0x140</size>
         <input_file_ref idref="fl-cd"/>
      </object_component>
      <object_component id="oc-1b">
         <name>.debug_info</name>
         <load_address>0x7cb2</load_address>
         <run_address>0x7cb2</run_address>
         <size>0x1df</size>
         <input_file_ref idref="fl-cd"/>
      </object_component>
      <object_component id="oc-45">
         <name>.debug_info</name>
         <load_address>0x7e91</load_address>
         <run_address>0x7e91</run_address>
         <size>0x46</size>
         <input_file_ref idref="fl-cd"/>
      </object_component>
      <object_component id="oc-88">
         <name>.debug_info</name>
         <load_address>0x7ed7</load_address>
         <run_address>0x7ed7</run_address>
         <size>0x2c</size>
         <input_file_ref idref="fl-cd"/>
      </object_component>
      <object_component id="oc-56">
         <name>.debug_info</name>
         <load_address>0x7f03</load_address>
         <run_address>0x7f03</run_address>
         <size>0x12f</size>
         <input_file_ref idref="fl-ce"/>
      </object_component>
      <object_component id="oc-21">
         <name>.debug_info</name>
         <load_address>0x8032</load_address>
         <run_address>0x8032</run_address>
         <size>0x1aa</size>
         <input_file_ref idref="fl-ce"/>
      </object_component>
      <object_component id="oc-51">
         <name>.debug_info</name>
         <load_address>0x81dc</load_address>
         <run_address>0x81dc</run_address>
         <size>0x46</size>
         <input_file_ref idref="fl-ce"/>
      </object_component>
      <object_component id="oc-90">
         <name>.debug_info</name>
         <load_address>0x8222</load_address>
         <run_address>0x8222</run_address>
         <size>0x2c</size>
         <input_file_ref idref="fl-ce"/>
      </object_component>
      <object_component id="oc-b6">
         <name>.debug_info</name>
         <load_address>0x824e</load_address>
         <run_address>0x824e</run_address>
         <size>0x234</size>
         <input_file_ref idref="fl-d3"/>
      </object_component>
      <object_component id="oc-b0">
         <name>.debug_info</name>
         <load_address>0x8482</load_address>
         <run_address>0x8482</run_address>
         <size>0x185</size>
         <input_file_ref idref="fl-d3"/>
      </object_component>
      <object_component id="oc-70">
         <name>.debug_info</name>
         <load_address>0x8607</load_address>
         <run_address>0x8607</run_address>
         <size>0x214</size>
         <input_file_ref idref="fl-d3"/>
      </object_component>
      <object_component id="oc-21c">
         <name>.debug_info</name>
         <load_address>0x881b</load_address>
         <run_address>0x881b</run_address>
         <size>0x132</size>
         <input_file_ref idref="fl-d6"/>
      </object_component>
      <object_component id="oc-221">
         <name>.debug_info</name>
         <load_address>0x894d</load_address>
         <run_address>0x894d</run_address>
         <size>0x136</size>
         <input_file_ref idref="fl-d9"/>
      </object_component>
      <object_component id="oc-218">
         <name>.debug_info</name>
         <load_address>0x8a83</load_address>
         <run_address>0x8a83</run_address>
         <size>0x124</size>
         <input_file_ref idref="fl-da"/>
      </object_component>
      <object_component id="oc-41">
         <name>.debug_info</name>
         <load_address>0x8ba7</load_address>
         <run_address>0x8ba7</run_address>
         <size>0x111</size>
         <input_file_ref idref="fl-df"/>
      </object_component>
      <object_component id="oc-4c">
         <name>.debug_info</name>
         <load_address>0x8cb8</load_address>
         <run_address>0x8cb8</run_address>
         <size>0x13f</size>
         <input_file_ref idref="fl-e0"/>
      </object_component>
      <object_component id="oc-5b">
         <name>.debug_info</name>
         <load_address>0x8df7</load_address>
         <run_address>0x8df7</run_address>
         <size>0x138</size>
         <input_file_ref idref="fl-e1"/>
      </object_component>
      <object_component id="oc-5e">
         <name>.debug_info</name>
         <load_address>0x8f2f</load_address>
         <run_address>0x8f2f</run_address>
         <size>0x148</size>
         <input_file_ref idref="fl-e2"/>
      </object_component>
      <object_component id="oc-76">
         <name>.debug_info</name>
         <load_address>0x9077</load_address>
         <run_address>0x9077</run_address>
         <size>0x109</size>
         <input_file_ref idref="fl-e4"/>
      </object_component>
      <object_component id="oc-275">
         <name>.debug_info</name>
         <load_address>0x9180</load_address>
         <run_address>0x9180</run_address>
         <size>0x13a</size>
         <input_file_ref idref="fl-e5"/>
      </object_component>
      <object_component id="oc-159">
         <name>.debug_info</name>
         <load_address>0x92ba</load_address>
         <run_address>0x92ba</run_address>
         <size>0x124</size>
         <input_file_ref idref="fl-e6"/>
      </object_component>
      <object_component id="oc-b3">
         <name>.debug_info</name>
         <load_address>0x93de</load_address>
         <run_address>0x93de</run_address>
         <size>0x113</size>
         <input_file_ref idref="fl-e6"/>
      </object_component>
      <object_component id="oc-152">
         <name>.debug_info</name>
         <load_address>0x94f1</load_address>
         <run_address>0x94f1</run_address>
         <size>0x21f</size>
         <input_file_ref idref="fl-e6"/>
      </object_component>
      <object_component id="oc-ae">
         <name>.debug_info</name>
         <load_address>0x9710</load_address>
         <run_address>0x9710</run_address>
         <size>0x166</size>
         <input_file_ref idref="fl-e7"/>
      </object_component>
      <object_component id="oc-6a">
         <name>.debug_info</name>
         <load_address>0x9876</load_address>
         <run_address>0x9876</run_address>
         <size>0x167</size>
         <input_file_ref idref="fl-e7"/>
      </object_component>
      <object_component id="oc-14a">
         <name>.debug_info</name>
         <load_address>0x99dd</load_address>
         <run_address>0x99dd</run_address>
         <size>0x5e</size>
         <input_file_ref idref="fl-e7"/>
      </object_component>
      <object_component id="oc-a6">
         <name>.debug_info</name>
         <load_address>0x9a3b</load_address>
         <run_address>0x9a3b</run_address>
         <size>0x2e9</size>
         <input_file_ref idref="fl-e8"/>
      </object_component>
      <object_component id="oc-64">
         <name>.debug_info</name>
         <load_address>0x9d24</load_address>
         <run_address>0x9d24</run_address>
         <size>0x190</size>
         <input_file_ref idref="fl-e8"/>
      </object_component>
      <object_component id="oc-c6">
         <name>.debug_info</name>
         <load_address>0x9eb4</load_address>
         <run_address>0x9eb4</run_address>
         <size>0x39</size>
         <input_file_ref idref="fl-e8"/>
      </object_component>
      <object_component id="oc-164">
         <name>.debug_info</name>
         <load_address>0x9eed</load_address>
         <run_address>0x9eed</run_address>
         <size>0x39</size>
         <input_file_ref idref="fl-e8"/>
      </object_component>
      <object_component id="oc-cb">
         <name>.debug_info</name>
         <load_address>0x9f26</load_address>
         <run_address>0x9f26</run_address>
         <size>0xcd</size>
         <input_file_ref idref="fl-e8"/>
      </object_component>
      <object_component id="oc-c2">
         <name>.debug_info</name>
         <load_address>0x9ff3</load_address>
         <run_address>0x9ff3</run_address>
         <size>0x1e0</size>
         <input_file_ref idref="fl-e9"/>
      </object_component>
      <object_component id="oc-9b">
         <name>.debug_info</name>
         <load_address>0xa1d3</load_address>
         <run_address>0xa1d3</run_address>
         <size>0x183</size>
         <input_file_ref idref="fl-e9"/>
      </object_component>
      <object_component id="oc-15f">
         <name>.debug_info</name>
         <load_address>0xa356</load_address>
         <run_address>0xa356</run_address>
         <size>0x2c</size>
         <input_file_ref idref="fl-e9"/>
      </object_component>
      <object_component id="oc-319">
         <name>.debug_info</name>
         <load_address>0xa382</load_address>
         <run_address>0xa382</run_address>
         <size>0x147</size>
         <input_file_ref idref="fl-ea"/>
      </object_component>
      <object_component id="oc-a0">
         <name>.debug_info</name>
         <load_address>0xa4c9</load_address>
         <run_address>0xa4c9</run_address>
         <size>0x145</size>
         <input_file_ref idref="fl-ec"/>
      </object_component>
      <object_component id="oc-dd">
         <name>.debug_info</name>
         <load_address>0xa60e</load_address>
         <run_address>0xa60e</run_address>
         <size>0x225</size>
         <input_file_ref idref="fl-ed"/>
      </object_component>
      <object_component id="oc-d8">
         <name>.debug_info</name>
         <load_address>0xa833</load_address>
         <run_address>0xa833</run_address>
         <size>0x20d</size>
         <input_file_ref idref="fl-ed"/>
      </object_component>
      <object_component id="oc-20c">
         <name>.debug_info</name>
         <load_address>0xaa40</load_address>
         <run_address>0xaa40</run_address>
         <size>0x240</size>
         <input_file_ref idref="fl-ee"/>
      </object_component>
      <object_component id="oc-254">
         <name>.debug_info</name>
         <load_address>0xac80</load_address>
         <run_address>0xac80</run_address>
         <size>0x15b</size>
         <input_file_ref idref="fl-ee"/>
      </object_component>
      <object_component id="oc-107">
         <name>.debug_info</name>
         <load_address>0xaddb</load_address>
         <run_address>0xaddb</run_address>
         <size>0x2a3</size>
         <input_file_ref idref="fl-ee"/>
      </object_component>
      <object_component id="oc-1e5">
         <name>.debug_info</name>
         <load_address>0xb07e</load_address>
         <run_address>0xb07e</run_address>
         <size>0x2b3</size>
         <input_file_ref idref="fl-ee"/>
      </object_component>
      <object_component id="oc-1d8">
         <name>.debug_info</name>
         <load_address>0xb331</load_address>
         <run_address>0xb331</run_address>
         <size>0x316</size>
         <input_file_ref idref="fl-ee"/>
      </object_component>
      <object_component id="oc-19b">
         <name>.debug_info</name>
         <load_address>0xb647</load_address>
         <run_address>0xb647</run_address>
         <size>0x27b</size>
         <input_file_ref idref="fl-ee"/>
      </object_component>
      <object_component id="oc-2a7">
         <name>.debug_info</name>
         <load_address>0xb8c2</load_address>
         <run_address>0xb8c2</run_address>
         <size>0x279</size>
         <input_file_ref idref="fl-ee"/>
      </object_component>
      <object_component id="oc-2c7">
         <name>.debug_info</name>
         <load_address>0xbb3b</load_address>
         <run_address>0xbb3b</run_address>
         <size>0x27f</size>
         <input_file_ref idref="fl-ee"/>
      </object_component>
      <object_component id="oc-2cd">
         <name>.debug_info</name>
         <load_address>0xbdba</load_address>
         <run_address>0xbdba</run_address>
         <size>0x279</size>
         <input_file_ref idref="fl-ee"/>
      </object_component>
      <object_component id="oc-1cd">
         <name>.debug_info</name>
         <load_address>0xc033</load_address>
         <run_address>0xc033</run_address>
         <size>0x2b7</size>
         <input_file_ref idref="fl-ee"/>
      </object_component>
      <object_component id="oc-1d3">
         <name>.debug_info</name>
         <load_address>0xc2ea</load_address>
         <run_address>0xc2ea</run_address>
         <size>0x285</size>
         <input_file_ref idref="fl-ee"/>
      </object_component>
      <object_component id="oc-1df">
         <name>.debug_info</name>
         <load_address>0xc56f</load_address>
         <run_address>0xc56f</run_address>
         <size>0x27b</size>
         <input_file_ref idref="fl-ee"/>
      </object_component>
      <object_component id="oc-195">
         <name>.debug_info</name>
         <load_address>0xc7ea</load_address>
         <run_address>0xc7ea</run_address>
         <size>0x280</size>
         <input_file_ref idref="fl-ee"/>
      </object_component>
      <object_component id="oc-340">
         <name>.debug_info</name>
         <load_address>0xca6a</load_address>
         <run_address>0xca6a</run_address>
         <size>0x231</size>
         <input_file_ref idref="fl-ef"/>
      </object_component>
      <object_component id="oc-2de">
         <name>.debug_info</name>
         <load_address>0xcc9b</load_address>
         <run_address>0xcc9b</run_address>
         <size>0x2ce</size>
         <input_file_ref idref="fl-ef"/>
      </object_component>
      <object_component id="oc-33b">
         <name>.debug_info</name>
         <load_address>0xcf69</load_address>
         <run_address>0xcf69</run_address>
         <size>0x24e</size>
         <input_file_ref idref="fl-ef"/>
      </object_component>
      <object_component id="oc-2d3">
         <name>.debug_info</name>
         <load_address>0xd1b7</load_address>
         <run_address>0xd1b7</run_address>
         <size>0x2d5</size>
         <input_file_ref idref="fl-ef"/>
      </object_component>
      <object_component id="oc-2f1">
         <name>.debug_info</name>
         <load_address>0xd48c</load_address>
         <run_address>0xd48c</run_address>
         <size>0x269</size>
         <input_file_ref idref="fl-ef"/>
      </object_component>
      <object_component id="oc-2e5">
         <name>.debug_info</name>
         <load_address>0xd6f5</load_address>
         <run_address>0xd6f5</run_address>
         <size>0x27e</size>
         <input_file_ref idref="fl-ef"/>
      </object_component>
      <object_component id="oc-2f7">
         <name>.debug_info</name>
         <load_address>0xd973</load_address>
         <run_address>0xd973</run_address>
         <size>0x254</size>
         <input_file_ref idref="fl-ef"/>
      </object_component>
      <object_component id="oc-2eb">
         <name>.debug_info</name>
         <load_address>0xdbc7</load_address>
         <run_address>0xdbc7</run_address>
         <size>0x27e</size>
         <input_file_ref idref="fl-ef"/>
      </object_component>
      <object_component id="oc-2d9">
         <name>.debug_info</name>
         <load_address>0xde45</load_address>
         <run_address>0xde45</run_address>
         <size>0x24e</size>
         <input_file_ref idref="fl-ef"/>
      </object_component>
      <object_component id="oc-297">
         <name>.debug_info</name>
         <load_address>0xe093</load_address>
         <run_address>0xe093</run_address>
         <size>0x20e</size>
         <input_file_ref idref="fl-f0"/>
      </object_component>
      <object_component id="oc-294">
         <name>.debug_info</name>
         <load_address>0xe2a1</load_address>
         <run_address>0xe2a1</run_address>
         <size>0x210</size>
         <input_file_ref idref="fl-f0"/>
      </object_component>
      <object_component id="oc-309">
         <name>.debug_info</name>
         <load_address>0xe4b1</load_address>
         <run_address>0xe4b1</run_address>
         <size>0x157</size>
         <input_file_ref idref="fl-f0"/>
      </object_component>
      <object_component id="oc-244">
         <name>.debug_info</name>
         <load_address>0xe608</load_address>
         <run_address>0xe608</run_address>
         <size>0x2c1</size>
         <input_file_ref idref="fl-f0"/>
      </object_component>
      <object_component id="oc-101">
         <name>.debug_info</name>
         <load_address>0xe8c9</load_address>
         <run_address>0xe8c9</run_address>
         <size>0x23e</size>
         <input_file_ref idref="fl-f0"/>
      </object_component>
      <object_component id="oc-187">
         <name>.debug_info</name>
         <load_address>0xeb07</load_address>
         <run_address>0xeb07</run_address>
         <size>0x240</size>
         <input_file_ref idref="fl-f0"/>
      </object_component>
      <object_component id="oc-1c4">
         <name>.debug_info</name>
         <load_address>0xed47</load_address>
         <run_address>0xed47</run_address>
         <size>0x268</size>
         <input_file_ref idref="fl-f0"/>
      </object_component>
      <object_component id="oc-2bf">
         <name>.debug_info</name>
         <load_address>0xefaf</load_address>
         <run_address>0xefaf</run_address>
         <size>0x1ed</size>
         <input_file_ref idref="fl-f1"/>
      </object_component>
      <object_component id="oc-1ff">
         <name>.debug_info</name>
         <load_address>0xf19c</load_address>
         <run_address>0xf19c</run_address>
         <size>0x2f6</size>
         <input_file_ref idref="fl-f1"/>
      </object_component>
      <object_component id="oc-1f3">
         <name>.debug_info</name>
         <load_address>0xf492</load_address>
         <run_address>0xf492</run_address>
         <size>0x2c4</size>
         <input_file_ref idref="fl-f1"/>
      </object_component>
      <object_component id="oc-2b3">
         <name>.debug_info</name>
         <load_address>0xf756</load_address>
         <run_address>0xf756</run_address>
         <size>0x2b6</size>
         <input_file_ref idref="fl-f1"/>
      </object_component>
      <object_component id="oc-1f9">
         <name>.debug_info</name>
         <load_address>0xfa0c</load_address>
         <run_address>0xfa0c</run_address>
         <size>0x280</size>
         <input_file_ref idref="fl-f1"/>
      </object_component>
      <object_component id="oc-2b9">
         <name>.debug_info</name>
         <load_address>0xfc8c</load_address>
         <run_address>0xfc8c</run_address>
         <size>0x276</size>
         <input_file_ref idref="fl-f1"/>
      </object_component>
      <object_component id="oc-2ad">
         <name>.debug_info</name>
         <load_address>0xff02</load_address>
         <run_address>0xff02</run_address>
         <size>0x2b3</size>
         <input_file_ref idref="fl-f1"/>
      </object_component>
      <object_component id="oc-16b">
         <name>.debug_info</name>
         <load_address>0x101b5</load_address>
         <run_address>0x101b5</run_address>
         <size>0x298</size>
         <input_file_ref idref="fl-f2"/>
      </object_component>
      <object_component id="oc-23e">
         <name>.debug_info</name>
         <load_address>0x1044d</load_address>
         <run_address>0x1044d</run_address>
         <size>0x14d</size>
         <input_file_ref idref="fl-f2"/>
      </object_component>
      <object_component id="oc-25a">
         <name>.debug_info</name>
         <load_address>0x1059a</load_address>
         <run_address>0x1059a</run_address>
         <size>0x283</size>
         <input_file_ref idref="fl-f2"/>
      </object_component>
      <object_component id="oc-18e">
         <name>.debug_info</name>
         <load_address>0x1081d</load_address>
         <run_address>0x1081d</run_address>
         <size>0x27d</size>
         <input_file_ref idref="fl-f2"/>
      </object_component>
      <object_component id="oc-2a0">
         <name>.debug_info</name>
         <load_address>0x10a9a</load_address>
         <run_address>0x10a9a</run_address>
         <size>0x263</size>
         <input_file_ref idref="fl-f2"/>
      </object_component>
      <object_component id="oc-d1">
         <name>.debug_info</name>
         <load_address>0x10cfd</load_address>
         <run_address>0x10cfd</run_address>
         <size>0x2db</size>
         <input_file_ref idref="fl-f2"/>
      </object_component>
      <object_component id="oc-16f">
         <name>.debug_info</name>
         <load_address>0x10fd8</load_address>
         <run_address>0x10fd8</run_address>
         <size>0x2b5</size>
         <input_file_ref idref="fl-f2"/>
      </object_component>
      <object_component id="oc-238">
         <name>.debug_info</name>
         <load_address>0x1128d</load_address>
         <run_address>0x1128d</run_address>
         <size>0x5f</size>
         <input_file_ref idref="fl-f2"/>
      </object_component>
      <object_component id="oc-242">
         <name>.debug_info</name>
         <load_address>0x112ec</load_address>
         <run_address>0x112ec</run_address>
         <size>0x19d</size>
         <input_file_ref idref="fl-f3"/>
      </object_component>
      <object_component id="oc-175">
         <name>.debug_info</name>
         <load_address>0x11489</load_address>
         <run_address>0x11489</run_address>
         <size>0x261</size>
         <input_file_ref idref="fl-f3"/>
      </object_component>
      <object_component id="oc-17b">
         <name>.debug_info</name>
         <load_address>0x116ea</load_address>
         <run_address>0x116ea</run_address>
         <size>0x277</size>
         <input_file_ref idref="fl-f3"/>
      </object_component>
      <object_component id="oc-181">
         <name>.debug_info</name>
         <load_address>0x11961</load_address>
         <run_address>0x11961</run_address>
         <size>0x227</size>
         <input_file_ref idref="fl-f3"/>
      </object_component>
      <object_component id="oc-113">
         <name>.debug_info</name>
         <load_address>0x11b88</load_address>
         <run_address>0x11b88</run_address>
         <size>0x221</size>
         <input_file_ref idref="fl-f3"/>
      </object_component>
      <object_component id="oc-11f">
         <name>.debug_info</name>
         <load_address>0x11da9</load_address>
         <run_address>0x11da9</run_address>
         <size>0x223</size>
         <input_file_ref idref="fl-f3"/>
      </object_component>
      <object_component id="oc-229">
         <name>.debug_info</name>
         <load_address>0x11fcc</load_address>
         <run_address>0x11fcc</run_address>
         <size>0x227</size>
         <input_file_ref idref="fl-f4"/>
      </object_component>
      <object_component id="oc-326">
         <name>.debug_info</name>
         <load_address>0x121f3</load_address>
         <run_address>0x121f3</run_address>
         <size>0x157</size>
         <input_file_ref idref="fl-f4"/>
      </object_component>
      <object_component id="oc-329">
         <name>.debug_info</name>
         <load_address>0x1234a</load_address>
         <run_address>0x1234a</run_address>
         <size>0x169</size>
         <input_file_ref idref="fl-f4"/>
      </object_component>
      <object_component id="oc-28c">
         <name>.debug_info</name>
         <load_address>0x124b3</load_address>
         <run_address>0x124b3</run_address>
         <size>0x27e</size>
         <input_file_ref idref="fl-f4"/>
      </object_component>
      <object_component id="oc-125">
         <name>.debug_info</name>
         <load_address>0x12731</load_address>
         <run_address>0x12731</run_address>
         <size>0x27f</size>
         <input_file_ref idref="fl-f4"/>
      </object_component>
      <object_component id="oc-1b8">
         <name>.debug_info</name>
         <load_address>0x129b0</load_address>
         <run_address>0x129b0</run_address>
         <size>0x2c3</size>
         <input_file_ref idref="fl-f4"/>
      </object_component>
      <object_component id="oc-1be">
         <name>.debug_info</name>
         <load_address>0x12c73</load_address>
         <run_address>0x12c73</run_address>
         <size>0x28f</size>
         <input_file_ref idref="fl-f4"/>
      </object_component>
      <object_component id="oc-12b">
         <name>.debug_info</name>
         <load_address>0x12f02</load_address>
         <run_address>0x12f02</run_address>
         <size>0x28d</size>
         <input_file_ref idref="fl-f4"/>
      </object_component>
      <object_component id="oc-260">
         <name>.debug_info</name>
         <load_address>0x1318f</load_address>
         <run_address>0x1318f</run_address>
         <size>0x247</size>
         <input_file_ref idref="fl-f4"/>
      </object_component>
      <object_component id="oc-285">
         <name>.debug_info</name>
         <load_address>0x133d6</load_address>
         <run_address>0x133d6</run_address>
         <size>0x249</size>
         <input_file_ref idref="fl-f4"/>
      </object_component>
      <object_component id="oc-1b2">
         <name>.debug_info</name>
         <load_address>0x1361f</load_address>
         <run_address>0x1361f</run_address>
         <size>0x326</size>
         <input_file_ref idref="fl-f4"/>
      </object_component>
      <object_component id="oc-1a0">
         <name>.debug_info</name>
         <load_address>0x13945</load_address>
         <run_address>0x13945</run_address>
         <size>0x291</size>
         <input_file_ref idref="fl-f4"/>
      </object_component>
      <object_component id="oc-137">
         <name>.debug_info</name>
         <load_address>0x13bd6</load_address>
         <run_address>0x13bd6</run_address>
         <size>0x253</size>
         <input_file_ref idref="fl-f4"/>
      </object_component>
      <object_component id="oc-1ac">
         <name>.debug_info</name>
         <load_address>0x13e29</load_address>
         <run_address>0x13e29</run_address>
         <size>0x273</size>
         <input_file_ref idref="fl-f4"/>
      </object_component>
      <object_component id="oc-131">
         <name>.debug_info</name>
         <load_address>0x1409c</load_address>
         <run_address>0x1409c</run_address>
         <size>0x263</size>
         <input_file_ref idref="fl-f4"/>
      </object_component>
      <object_component id="oc-266">
         <name>.debug_info</name>
         <load_address>0x142ff</load_address>
         <run_address>0x142ff</run_address>
         <size>0x24d</size>
         <input_file_ref idref="fl-f4"/>
      </object_component>
      <object_component id="oc-206">
         <name>.debug_info</name>
         <load_address>0x1454c</load_address>
         <run_address>0x1454c</run_address>
         <size>0x212</size>
         <input_file_ref idref="fl-f5"/>
      </object_component>
      <object_component id="oc-24c">
         <name>.debug_info</name>
         <load_address>0x1475e</load_address>
         <run_address>0x1475e</run_address>
         <size>0x20f</size>
         <input_file_ref idref="fl-f5"/>
      </object_component>
      <object_component id="oc-378">
         <name>.debug_info</name>
         <load_address>0x1496d</load_address>
         <run_address>0x1496d</run_address>
         <size>0x9b</size>
      </object_component>
      <object_component id="oc-232">
         <name>.debug_line</name>
         <load_address>0x0</load_address>
         <run_address>0x0</run_address>
         <size>0x320</size>
         <input_file_ref idref="fl-2"/>
      </object_component>
      <object_component id="oc-22e">
         <name>.debug_line</name>
         <load_address>0x320</load_address>
         <run_address>0x320</run_address>
         <size>0x2d</size>
         <input_file_ref idref="fl-2"/>
      </object_component>
      <object_component id="oc-230">
         <name>.debug_line</name>
         <load_address>0x34d</load_address>
         <run_address>0x34d</run_address>
         <size>0x2d</size>
         <input_file_ref idref="fl-2"/>
      </object_component>
      <object_component id="oc-ab">
         <name>.debug_line</name>
         <load_address>0x37a</load_address>
         <run_address>0x37a</run_address>
         <size>0x152</size>
         <input_file_ref idref="fl-2"/>
      </object_component>
      <object_component id="oc-bd">
         <name>.debug_line</name>
         <load_address>0x4cc</load_address>
         <run_address>0x4cc</run_address>
         <size>0x20</size>
         <input_file_ref idref="fl-2"/>
      </object_component>
[...]
         <value>0x5cd</value>
         <object_component_ref idref="oc-1eb"/>
      </symbol>
      <symbol id="sm-196">
         <name>PWM1_3_Init</name>
         <value>0x65d</value>
         <object_component_ref idref="oc-1eb"/>
      </symbol>
      <symbol id="sm-1c3">
         <name>pca9685_reg_write</name>
         <value>0x16bb</value>
         <object_component_ref idref="oc-118"/>
      </symbol>
      <symbol id="sm-1c4">
         <name>PCA9685_set_freq</name>
         <value>0x153d</value>
         <object_component_ref idref="oc-118"/>
      </symbol>
      <symbol id="sm-1c5">
         <name>servo_init</name>
         <value>0x13b1</value>
         <object_component_ref idref="oc-118"/>
      </symbol>
      <symbol id="sm-1c6">
         <name>PCA9685_pulse_us_set</name>
         <value>0x168f</value>
         <object_component_ref idref="oc-118"/>
      </symbol>
      <symbol id="sm-1c7">
         <name>goto_pos_1_middle</name>
         <value>0x14b7</value>
         <object_component_ref idref="oc-118"/>
      </symbol>
      <symbol id="sm-1c8">
         <name>servo_all_update</name>
         <value>0x1487</value>
         <object_component_ref idref="oc-118"/>
      </symbol>
      <symbol id="sm-1c9">
         <name>servo_n_angle_set</name>
         <value>0x1407</value>
         <object_component_ref idref="oc-118"/>
      </symbol>
      <symbol id="sm-1ca">
         <name>hand_set_servo</name>
         <value>0x13ef</value>
         <object_component_ref idref="oc-118"/>
      </symbol>
      <symbol id="sm-1cb">
         <name>PCA9685_set_PWM</name>
         <value>0x1603</value>
         <object_component_ref idref="oc-118"/>
      </symbol>
      <symbol id="sm-1cc">
         <name>pca9685_reg_read</name>
         <value>0x16d7</value>
         <object_component_ref idref="oc-118"/>
      </symbol>
      <symbol id="sm-1f3">
         <name>UART0printf</name>
         <value>0x1a31</value>
         <object_component_ref idref="oc-e8"/>
      </symbol>
      <symbol id="sm-1f4">
         <name>UART1printf</name>
         <value>0x1aad</value>
         <object_component_ref idref="oc-e8"/>
      </symbol>
      <symbol id="sm-1f5">
         <name>UART0_Init</name>
         <value>0x19f5</value>
         <object_component_ref idref="oc-e8"/>
      </symbol>
      <symbol id="sm-1f6">
         <name>UART1_Init</name>
         <value>0x1a5f</value>
         <object_component_ref idref="oc-e8"/>
      </symbol>
      <symbol id="sm-1f7">
         <name>UART2_Init</name>
         <value>0x1adb</value>
         <object_component_ref idref="oc-e8"/>
      </symbol>
      <symbol id="sm-266">
         <name>UARTgetc</name>
         <value>0x84f</value>
         <object_component_ref idref="oc-1a5"/>
      </symbol>
      <symbol id="sm-267">
         <name>UARTgets</name>
         <value>0x795</value>
         <object_component_ref idref="oc-1a5"/>
      </symbol>
      <symbol id="sm-268">
         <name>UARTStdioConfig</name>
         <value>0x709</value>
         <object_component_ref idref="oc-1a5"/>
      </symbol>
      <symbol id="sm-269">
         <name>UARTwrite</name>
         <value>0x74f</value>
         <object_component_ref idref="oc-1a5"/>
      </symbol>
      <symbol id="sm-26a">
         <name>UARTprintf</name>
         <value>0xb6f</value>
         <object_component_ref idref="oc-1a5"/>
      </symbol>
      <symbol id="sm-26b">
         <name>UARTvprintf</name>
         <value>0x875</value>
         <object_component_ref idref="oc-1a5"/>
      </symbol>
      <symbol id="sm-27f">
         <name>delay_s</name>
         <value>0x21e1</value>
         <object_component_ref idref="oc-10c"/>
      </symbol>
      <symbol id="sm-280">
         <name>delay_ms</name>
         <value>0x220f</value>
         <object_component_ref idref="oc-10c"/>
      </symbol>
      <symbol id="sm-281">
         <name>delay_ns</name>
         <value>0x223f</value>
         <object_component_ref idref="oc-10c"/>
      </symbol>
      <symbol id="sm-28d">
         <name>SysTick_Init_ms</name>
         <value>0x275d</value>
         <object_component_ref idref="oc-e2"/>
      </symbol>
      <symbol id="sm-29e">
         <name>_c_int00</name>
         <value>0x249d</value>
         <object_component_ref idref="oc-24"/>
      </symbol>
      <symbol id="sm-29f">
         <name>__stack</name>
         <value>0x2000026c</value>
         <object_component_ref idref="oc-2a"/>
      </symbol>
      <symbol id="sm-2bd">
         <name>__TI_decompress_lzss</name>
         <value>0x2435</value>
         <object_component_ref idref="oc-12"/>
      </symbol>
      <symbol id="sm-2d4">
         <name>__TI_decompress_none</name>
         <value>0x2a79</value>
         <object_component_ref idref="oc-18"/>
      </symbol>
      <symbol id="sm-2eb">
         <name>__TI_zero_init</name>
         <value>0x2aab</value>
         <object_component_ref idref="oc-1e"/>
      </symbol>
      <symbol id="sm-310">
         <name>C$$EXIT</name>
         <value>0x24f1</value>
         <object_component_ref idref="oc-6f"/>
      </symbol>
      <symbol id="sm-311">
         <name>abort</name>
         <value>0x24f5</value>
         <object_component_ref idref="oc-6f"/>
      </symbol>
      <symbol id="sm-312">
         <name>exit</name>
         <value>0x24fd</value>
         <object_component_ref idref="oc-6f"/>
      </symbol>
      <symbol id="sm-313">
         <name>__TI_dtors_ptr</name>
         <value>0x200004a0</value>
         <object_component_ref idref="oc-af"/>
      </symbol>
      <symbol id="sm-314">
         <name>__TI_cleanup_ptr</name>
         <value>0x2000049c</value>
         <object_component_ref idref="oc-af"/>
      </symbol>
      <symbol id="sm-315">
         <name>__TI_enable_exit_profile_output</name>
         <value>0x200004a4</value>
         <object_component_ref idref="oc-af"/>
      </symbol>
      <symbol id="sm-32b">
         <name>__aeabi_ddiv</name>
         <value>0x1b6d</value>
         <object_component_ref idref="oc-21a"/>
      </symbol>
      <symbol id="sm-339">
         <name>__aeabi_d2f</name>
         <value>0x235d</value>
         <object_component_ref idref="oc-21f"/>
      </symbol>
      <symbol id="sm-344">
         <name>__aeabi_f2d</name>
         <value>0x2725</value>
         <object_component_ref idref="oc-215"/>
      </symbol>
      <symbol id="sm-363">
         <name>memcpy</name>
         <value>0x2145</value>
         <object_component_ref idref="oc-3f"/>
      </symbol>
      <symbol id="sm-364">
         <name>__aeabi_memcpy</name>
         <value>0x2145</value>
         <object_component_ref idref="oc-3f"/>
      </symbol>
      <symbol id="sm-365">
         <name>__aeabi_memcpy8</name>
         <value>0x2145</value>
         <object_component_ref idref="oc-3f"/>
      </symbol>
      <symbol id="sm-366">
         <name>__aeabi_memcpy4</name>
         <value>0x2145</value>
         <object_component_ref idref="oc-3f"/>
      </symbol>
      <symbol id="sm-375">
         <name>__aeabi_memset</name>
         <value>0x2273</value>
         <object_component_ref idref="oc-4b"/>
      </symbol>
      <symbol id="sm-376">
         <name>memset</name>
         <value>0x2279</value>
         <object_component_ref idref="oc-4b"/>
      </symbol>
      <symbol id="sm-377">
         <name>__aeabi_memset8</name>
         <value>0x2273</value>
         <object_component_ref idref="oc-4b"/>
      </symbol>
      <symbol id="sm-378">
         <name>__aeabi_memset4</name>
         <value>0x2273</value>
         <object_component_ref idref="oc-4b"/>
      </symbol>
      <symbol id="sm-379">
         <name>__aeabi_memclr8</name>
         <value>0x2271</value>
         <object_component_ref idref="oc-4b"/>
      </symbol>
      <symbol id="sm-37a">
         <name>__aeabi_memclr4</name>
         <value>0x2271</value>
         <object_component_ref idref="oc-4b"/>
      </symbol>
      <symbol id="sm-37b">
         <name>__aeabi_memclr</name>
         <value>0x2271</value>
         <object_component_ref idref="oc-4b"/>
      </symbol>
      <symbol id="sm-385">
         <name>__mpu_init</name>
         <value>0x22eb</value>
         <object_component_ref idref="oc-57"/>
      </symbol>
      <symbol id="sm-38f">
         <name>_system_pre_init</name>
         <value>0x2b2b</value>
         <object_component_ref idref="oc-5d"/>
      </symbol>
      <symbol id="sm-398">
         <name>main_func_sp</name>
         <value>0x200004c4</value>
         <object_component_ref idref="oc-75"/>
      </symbol>
      <symbol id="sm-3a7">
         <name>__aeabi_uidivmod</name>
         <value>0x26ad</value>
         <object_component_ref idref="oc-274"/>
      </symbol>
      <symbol id="sm-3a8">
         <name>__aeabi_uidiv</name>
         <value>0x26ad</value>
         <object_component_ref idref="oc-274"/>
      </symbol>
      <symbol id="sm-3c1">
         <name>_nop</name>
         <value>0x2977</value>
         <object_component_ref idref="oc-151"/>
      </symbol>
      <symbol id="sm-3c2">
         <name>_lock</name>
         <value>0x200004b4</value>
         <object_component_ref idref="oc-b2"/>
      </symbol>
      <symbol id="sm-3c3">
         <name>_unlock</name>
         <value>0x200004b8</value>
         <object_component_ref idref="oc-b2"/>
      </symbol>
      <symbol id="sm-3c4">
         <name>_register_lock</name>
         <value>0x296f</value>
         <object_component_ref idref="oc-151"/>
      </symbol>
      <symbol id="sm-3c5">
         <name>_register_unlock</name>
         <value>0x2969</value>
         <object_component_ref idref="oc-151"/>
      </symbol>
      <symbol id="sm-3d9">
         <name>_args_main</name>
         <value>0x28d5</value>
         <object_component_ref idref="oc-69"/>
      </symbol>
      <symbol id="sm-403">
         <name>__TI_auto_init</name>
         <value>0x22ed</value>
         <object_component_ref idref="oc-63"/>
      </symbol>
      <symbol id="sm-41d">
         <name>copy_in</name>
         <value>0x2591</value>
         <object_component_ref idref="oc-99"/>
      </symbol>
      <symbol id="sm-427">
         <name>__aeabi_idiv0</name>
         <value>0x100f</value>
         <object_component_ref idref="oc-318"/>
      </symbol>
      <symbol id="sm-432">
         <name>_system_post_cinit</name>
         <value>0x23cb</value>
         <object_component_ref idref="oc-9f"/>
      </symbol>
      <symbol id="sm-448">
         <name>FPULazyStackingEnable</name>
         <value>0x2a0d</value>
         <object_component_ref idref="oc-dc"/>
      </symbol>
      <symbol id="sm-449">
         <name>FPUEnable</name>
         <value>0x29fd</value>
         <object_component_ref idref="oc-d6"/>
      </symbol>
      <symbol id="sm-4b3">
         <name>GPIOPinTypePWM</name>
         <value>0x29b3</value>
         <object_component_ref idref="oc-2a5"/>
      </symbol>
      <symbol id="sm-4b4">
         <name>GPIOPinConfigure</name>
         <value>0x25dd</value>
         <object_component_ref idref="oc-193"/>
      </symbol>
      <symbol id="sm-4b5">
         <name>GPIOPinTypeI2CSCL</name>
         <value>0x29a1</value>
         <object_component_ref idref="oc-2c5"/>
      </symbol>
      <symbol id="sm-4b6">
         <name>GPIOPinTypeI2C</name>
         <value>0x298f</value>
         <object_component_ref idref="oc-2cb"/>
      </symbol>
      <symbol id="sm-4b7">
         <name>GPIOPinTypeGPIOInput</name>
         <value>0x297d</value>
         <object_component_ref idref="oc-1d1"/>
      </symbol>
      <symbol id="sm-4b8">
         <name>GPIOPinTypeUART</name>
         <value>0x29c5</value>
         <object_component_ref idref="oc-199"/>
      </symbol>
      <symbol id="sm-4b9">
         <name>GPIOPinTypeGPIOOutput</name>
         <value>0x28a5</value>
         <object_component_ref idref="oc-1cb"/>
      </symbol>
      <symbol id="sm-4ba">
         <name>GPIOPinRead</name>
         <value>0x2b03</value>
         <object_component_ref idref="oc-1dd"/>
      </symbol>
      <symbol id="sm-4bb">
         <name>GPIODirModeSet</name>
         <value>0x27fd</value>
         <object_component_ref idref="oc-1e4"/>
      </symbol>
      <symbol id="sm-4bc">
         <name>GPIOPinWrite</name>
         <value>0x2b09</value>
         <object_component_ref idref="oc-106"/>
      </symbol>
      <symbol id="sm-4bd">
         <name>GPIOPadConfigSet</name>
         <value>0x1ca3</value>
         <object_component_ref idref="oc-1d7"/>
      </symbol>
      <symbol id="sm-508">
         <name>I2CMasterDataPut</name>
         <value>0x2b23</value>
         <object_component_ref idref="oc-2e3"/>
      </symbol>
      <symbol id="sm-509">
         <name>I2CMasterInitExpClk</name>
         <value>0x2545</value>
         <object_component_ref idref="oc-2d1"/>
      </symbol>
      <symbol id="sm-50a">
         <name>I2CMasterSlaveAddrSet</name>
         <value>0x2af3</value>
         <object_component_ref idref="oc-2dd"/>
      </symbol>
      <symbol id="sm-50b">
         <name>I2CMasterDataGet</name>
         <value>0x2b1f</value>
         <object_component_ref idref="oc-2f5"/>
      </symbol>
      <symbol id="sm-50c">
         <name>I2CMasterErr</name>
         <value>0x28ed</value>
         <object_component_ref idref="oc-2ef"/>
      </symbol>
      <symbol id="sm-50d">
         <name>I2CMasterControl</name>
         <value>0x2b1b</value>
         <object_component_ref idref="oc-2e9"/>
      </symbol>
      <symbol id="sm-50e">
         <name>I2CMasterBusy</name>
         <value>0x2aeb</value>
         <object_component_ref idref="oc-2d7"/>
      </symbol>
      <symbol id="sm-50f">
         <name>I2CMasterEnable</name>
         <value>0x2ac3</value>
         <object_component_ref idref="oc-339"/>
      </symbol>
      <symbol id="sm-55a">
         <name>IntEnable</name>
         <value>0x23cd</value>
         <object_component_ref idref="oc-1c3"/>
      </symbol>
      <symbol id="sm-55b">
         <name>IntRegister</name>
         <value>0x2795</value>
         <object_component_ref idref="oc-243"/>
      </symbol>
      <symbol id="sm-55c">
         <name>IntMasterDisable</name>
         <value>0x2a1d</value>
         <object_component_ref idref="oc-186"/>
      </symbol>
      <symbol id="sm-55d">
         <name>g_pfnRAMVectors</name>
         <value>0x20000000</value>
         <object_component_ref idref="oc-308"/>
      </symbol>
      <symbol id="sm-55e">
         <name>IntMasterEnable</name>
         <value>0x2a2d</value>
         <object_component_ref idref="oc-100"/>
      </symbol>
      <symbol id="sm-593">
         <name>PWMGenPeriodSet</name>
         <value>0x2a3d</value>
         <object_component_ref idref="oc-2b1"/>
      </symbol>
      <symbol id="sm-594">
         <name>PWMPulseWidthSet</name>
         <value>0x2869</value>
         <object_component_ref idref="oc-1fd"/>
      </symbol>
      <symbol id="sm-595">
         <name>PWMGenPeriodGet</name>
         <value>0x29d7</value>
         <object_component_ref idref="oc-1f7"/>
      </symbol>
      <symbol id="sm-596">
         <name>PWMOutputState</name>
         <value>0x29e9</value>
         <object_component_ref idref="oc-1f1"/>
      </symbol>
      <symbol id="sm-597">
         <name>PWMGenEnable</name>
         <value>0x2a9f</value>
         <object_component_ref idref="oc-2b7"/>
      </symbol>
      <symbol id="sm-598">
         <name>PWMGenConfigure</name>
         <value>0x2827</value>
         <object_component_ref idref="oc-2ab"/>
      </symbol>
      <symbol id="sm-5ff">
         <name>SysCtlPeripheralPresent</name>
         <value>0x26ed</value>
         <object_component_ref idref="oc-259"/>
      </symbol>
      <symbol id="sm-600">
         <name>SysCtlClockSet</name>
         <value>0x1ee5</value>
         <object_component_ref idref="oc-d0"/>
      </symbol>
      <symbol id="sm-601">
         <name>SysCtlDelay</name>
         <value>0x2b0f</value>
         <object_component_ref idref="oc-169"/>
      </symbol>
      <symbol id="sm-602">
         <name>SysCtlPeripheralEnable</name>
         <value>0x27c9</value>
         <object_component_ref idref="oc-18d"/>
      </symbol>
      <symbol id="sm-603">
         <name>SysCtlClockGet</name>
         <value>0x1dd5</value>
         <object_component_ref idref="oc-16e"/>
      </symbol>
      <symbol id="sm-604">
         <name>SysCtlPWMClockSet</name>
         <value>0x2905</value>
         <object_component_ref idref="oc-29f"/>
      </symbol>
      <symbol id="sm-63b">
         <name>SysTickEnable</name>
         <value>0x292d</value>
         <object_component_ref idref="oc-112"/>
      </symbol>
      <symbol id="sm-63c">
         <name>SysTickIntRegister</name>
         <value>0x2889</value>
         <object_component_ref idref="oc-17a"/>
      </symbol>
      <symbol id="sm-63d">
         <name>SysTickIntEnable</name>
         <value>0x2941</value>
         <object_component_ref idref="oc-180"/>
      </symbol>
      <symbol id="sm-63e">
         <name>SysTickPeriodSet</name>
         <value>0x2a4d</value>
         <object_component_ref idref="oc-174"/>
      </symbol>
      <symbol id="sm-63f">
         <name>SysTickDisable</name>
         <value>0x2919</value>
         <object_component_ref idref="oc-11e"/>
      </symbol>
      <symbol id="sm-6c9">
         <name>UARTConfigSetExpClk</name>
         <value>0x2625</value>
         <object_component_ref idref="oc-1b1"/>
      </symbol>
      <symbol id="sm-6ca">
         <name>UARTDisable</name>
         <value>0x2849</value>
         <object_component_ref idref="oc-284"/>
      </symbol>
      <symbol id="sm-6cb">
         <name>UARTIntEnable</name>
         <value>0x2afb</value>
         <object_component_ref idref="oc-1bd"/>
      </symbol>
      <symbol id="sm-6cc">
         <name>UARTCharsAvail</name>
         <value>0x2a6b</value>
         <object_component_ref idref="oc-136"/>
      </symbol>
      <symbol id="sm-6cd">
         <name>UARTCharGetNonBlocking</name>
         <value>0x2a5d</value>
         <object_component_ref idref="oc-130"/>
      </symbol>
      <symbol id="sm-6ce">
         <name>UARTClockSourceSet</name>
         <value>0x2b15</value>
         <object_component_ref idref="oc-19f"/>
      </symbol>
      <symbol id="sm-6cf">
         <name>UARTCharPut</name>
         <value>0x2ad7</value>
         <object_component_ref idref="oc-1ab"/>
      </symbol>
      <symbol id="sm-6d0">
         <name>UARTEnable</name>
         <value>0x2955</value>
         <object_component_ref idref="oc-25f"/>
      </symbol>
      <symbol id="sm-6d1">
         <name>UARTIntClear</name>
         <value>0x2b27</value>
         <object_component_ref idref="oc-12a"/>
      </symbol>
      <symbol id="sm-6d2">
         <name>UARTIntStatus</name>
         <value>0x2ae1</value>
         <object_component_ref idref="oc-124"/>
      </symbol>
      <symbol id="sm-6d3">
         <name>UARTCharGet</name>
         <value>0x2acd</value>
         <object_component_ref idref="oc-265"/>
      </symbol>
      <symbol id="sm-6d4">
         <name>UARTIntRegister</name>
         <value>0x28bd</value>
         <object_component_ref idref="oc-1b7"/>
      </symbol>
      <symbol id="sm-6e6">
         <name>CPUcpsie</name>
         <value>0x2a93</value>
         <object_component_ref idref="oc-204"/>
      </symbol>
      <symbol id="sm-6e7">
         <name>CPUcpsid</name>
         <value>0x2a87</value>
         <object_component_ref idref="oc-24b"/>
      </symbol>
      <symbol id="sm-6e8">
         <name>__TI_static_base__</name>
         <value>0x0</value>
      </symbol>
      <symbol id="sm-6eb">
         <name>SHT$$INIT_ARRAY$$Limit</name>
         <value>0x0</value>
      </symbol>
      <symbol id="sm-6ec">
         <name>SHT$$INIT_ARRAY$$Base</name>
         <value>0x0</value>
      </symbol>
   </symbol_table>
   <title>Link successful</title>
</link_info>
