******************************************************************************
                  TI ARM Linker PC v16.9.0                     
******************************************************************************
>> Linked Sun Mar 10 21:35:08 2019

OUTPUT FILE NAME:   <LogisticsCar.out>
ENTRY POINT SYMBOL: "_c_int00"  address: 000024a1


MEMORY CONFIGURATION

         name            origin    length      used     unused   attr    fill
----------------------  --------  ---------  --------  --------  ----  --------
  FLASH                 00000000   00040000  00002db6  0003d24a  R  X
  SRAM                  20000000   00008000  000004d4  00007b2c  RW X


SEGMENT ALLOCATION MAP

run origin  load origin   length   init length attrs members
----------  ----------- ---------- ----------- ----- -------
00000000    00000000    00002db8   00002db8    r-x
  00000000    00000000    0000026c   0000026c    r-- .intvecs
  0000026c    0000026c    000028c6   000028c6    r-x .text
  00002b34    00002b34    0000021c   0000021c    r-- .const
  00002d50    00002d50    00000068   00000068    r-- .cinit
20000000    20000000    000004d4   00000000    rw-
  20000000    20000000    0000026c   00000000    rw- .vtable
  2000026c    2000026c    00000200   00000000    rw- .stack
  2000046c    2000046c    0000005c   00000000    rw- .data
  200004c8    200004c8    0000000c   00000000    rw- .bss


SECTION ALLOCATION MAP

 output                                  attributes/
section   page    origin      length       input sections
--------  ----  ----------  ----------   ----------------
.intvecs   0    00000000    0000026c     
                  00000000    0000026c     tm4c123gh6pm_startup_ccs.obj (.intvecs)

.text      0    0000026c    000028c6     
                  0000026c    0000049c     PWM_Init.obj (.text)
                  00000708    0000049c     uartstdio.obj (.text)
                  00000ba4    0000046a     I2C_Init.obj (.text)
                  0000100e    00000002     rtsv7M4_T_le_v4SPD16_eabi.lib : i_div0.obj (.text)
                  00001010    000003a4     main.obj (.text)
                  000013b4    00000364     ServoCtl.obj (.text)
                  00001718    000002e0     car.obj (.text)
                  000019f8    00000178     UART_Init.obj (.text)
                  00001b70    00000136     rtsv7M4_T_le_v4SPD16_eabi.lib : fd_div_t2.obj (.text)
                  00001ca6    00000132     driverlib.lib : gpio.obj (.text:GPIOPadConfigSet)
                  00001dd8    00000110                   : sysctl.obj (.text:SysCtlClockGet)
                  00001ee8    000000f4                   : sysctl.obj (.text:SysCtlClockSet)
                  00001fdc    000000cc     sensor.obj (.text)
                  000020a8    000000a0     GPIO_Init.obj (.text)
                  00002148    0000009c     rtsv7M4_T_le_v4SPD16_eabi.lib : memcpy_t2.obj (.text)
                  000021e4    00000090     delay.obj (.text)
                  00002274    0000007a     rtsv7M4_T_le_v4SPD16_eabi.lib : memset_t2.obj (.text)
                  000022ee    00000002                                   : mpu_init.obj (.text)
                  000022f0    00000070                                   : autoinit.obj (.text)
                  00002360    0000006e                                   : fd_tos_t2.obj (.text)
                  000023ce    00000002                                   : startup.obj (.text)
                  000023d0    00000068     driverlib.lib : interrupt.obj (.text:IntEnable)
                  00002438    00000068     rtsv7M4_T_le_v4SPD16_eabi.lib : copy_decompress_lzss.obj (.text:decompress:lzss)
                  000024a0    00000054                                   : boot.obj (.text)
                  000024f4    00000054                                   : exit.obj (.text)
                  00002548    0000004c     driverlib.lib : i2c.obj (.text:I2CMasterInitExpClk)
                  00002594    0000004c     rtsv7M4_T_le_v4SPD16_eabi.lib : cpy_tbl.obj (.text)
                  000025e0    00000048     driverlib.lib : gpio.obj (.text:GPIOPinConfigure)
                  00002628    00000046                   : uart.obj (.text:UARTConfigSetExpClk)
                  0000266e    00000002     --HOLE-- [fill = 0]
                  00002670    00000040                   : uart.obj (.text:_UARTIntNumberGet)
                  000026b0    00000040     rtsv7M4_T_le_v4SPD16_eabi.lib : u_divt2.obj (.text)
                  000026f0    00000038     driverlib.lib : sysctl.obj (.text:SysCtlPeripheralPresent)
                  00002728    00000038     rtsv7M4_T_le_v4SPD16_eabi.lib : fs_tod_t2.obj (.text)
                  00002760    00000038     systemtick.obj (.text)
                  00002798    00000034     driverlib.lib : interrupt.obj (.text:IntRegister)
                  000027cc    00000034                   : sysctl.obj (.text:SysCtlPeripheralEnable)
                  00002800    0000002a                   : gpio.obj (.text:GPIODirModeSet)
                  0000282a    00000022                   : pwm.obj (.text:PWMGenConfigure)
                  0000284c    00000020                   : uart.obj (.text:UARTDisable)
                  0000286c    0000001e                   : pwm.obj (.text:PWMPulseWidthSet)
                  0000288a    00000002     --HOLE-- [fill = 0]
                  0000288c    0000001c                   : systick.obj (.text:SysTickIntRegister)
                  000028a8    00000018                   : gpio.obj (.text:GPIOPinTypeGPIOOutput)
                  000028c0    00000018                   : uart.obj (.text:UARTIntRegister)
                  000028d8    00000018     rtsv7M4_T_le_v4SPD16_eabi.lib : args_main.obj (.text)
                  000028f0    00000016     driverlib.lib : i2c.obj (.text:I2CMasterErr)
                  00002906    00000002     --HOLE-- [fill = 0]
                  00002908    00000014                   : sysctl.obj (.text:SysCtlPWMClockSet)
                  0000291c    00000014                   : systick.obj (.text:SysTickDisable)
                  00002930    00000014                   : systick.obj (.text:SysTickEnable)
                  00002944    00000014                   : systick.obj (.text:SysTickIntEnable)
                  00002958    00000014                   : uart.obj (.text:UARTEnable)
                  0000296c    00000014     rtsv7M4_T_le_v4SPD16_eabi.lib : _lock.obj (.text)
                  00002980    00000012     driverlib.lib : gpio.obj (.text:GPIOPinTypeGPIOInput)
                  00002992    00000012                   : gpio.obj (.text:GPIOPinTypeI2C)
                  000029a4    00000012                   : gpio.obj (.text:GPIOPinTypeI2CSCL)
                  000029b6    00000012                   : gpio.obj (.text:GPIOPinTypePWM)
                  000029c8    00000012                   : gpio.obj (.text:GPIOPinTypeUART)
                  000029da    00000012                   : pwm.obj (.text:PWMGenPeriodGet)
                  000029ec    00000012                   : pwm.obj (.text:PWMOutputState)
                  000029fe    00000002     --HOLE-- [fill = 0]
                  00002a00    00000010                   : fpu.obj (.text:FPUEnable)
                  00002a10    00000010                   : fpu.obj (.text:FPULazyStackingEnable)
                  00002a20    00000010                   : interrupt.obj (.text:IntMasterDisable)
                  00002a30    00000010                   : interrupt.obj (.text:IntMasterEnable)
                  00002a40    00000010                   : pwm.obj (.text:PWMGenPeriodSet)
                  00002a50    00000010                   : systick.obj (.text:SysTickPeriodSet)
                  00002a60    0000000e                   : uart.obj (.text:UARTCharGetNonBlocking)
                  00002a6e    0000000e                   : uart.obj (.text:UARTCharsAvail)
                  00002a7c    0000000e     rtsv7M4_T_le_v4SPD16_eabi.lib : copy_decompress_none.obj (.text:decompress:none)
                  00002a8a    0000000c     driverlib.lib : cpu.obj (.text:CPUcpsid)
                  00002a96    0000000c                   : cpu.obj (.text:CPUcpsie)
                  00002aa2    0000000c                   : pwm.obj (.text:PWMGenEnable)
                  00002aae    0000000c     rtsv7M4_T_le_v4SPD16_eabi.lib : copy_zero_init.obj (.text:decompress:ZI)
                  00002aba    0000000c     tm4c123gh6pm_startup_ccs.obj (.text)
                  00002ac6    0000000a     driverlib.lib : i2c.obj (.text:I2CMasterEnable)
                  00002ad0    0000000a                   : uart.obj (.text:UARTCharGet)
                  00002ada    0000000a                   : uart.obj (.text:UARTCharPut)
                  00002ae4    0000000a                   : uart.obj (.text:UARTIntStatus)
                  00002aee    00000008                   : i2c.obj (.text:I2CMasterBusy)
                  00002af6    00000008                   : i2c.obj (.text:I2CMasterSlaveAddrSet)
                  00002afe    00000008                   : uart.obj (.text:UARTIntEnable)
                  00002b06    00000006                   : gpio.obj (.text:GPIOPinRead)
                  00002b0c    00000006                   : gpio.obj (.text:GPIOPinWrite)
                  00002b12    00000006                   : sysctl.obj (.text:SysCtlDelay)
                  00002b18    00000006                   : uart.obj (.text:UARTClockSourceSet)
                  00002b1e    00000004                   : i2c.obj (.text:I2CMasterControl)
                  00002b22    00000004                   : i2c.obj (.text:I2CMasterDataGet)
                  00002b26    00000004                   : i2c.obj (.text:I2CMasterDataPut)
                  00002b2a    00000004                   : uart.obj (.text:UARTIntClear)
                  00002b2e    00000004     rtsv7M4_T_le_v4SPD16_eabi.lib : pre_init.obj (.text)

.const     0    00002b34    0000021c     
                  00002b34    00000090     driverlib.lib : gpio.obj (.const:g_pui32GPIOBaseAddrs)
                  00002bc4    00000070                   : interrupt.obj (.const)
                  00002c34    0000006c                   : sysctl.obj (.const:g_pui32Xtals)
                  00002ca0    00000040                   : uart.obj (.const:g_ppui32UARTIntMap)
                  00002ce0    00000040                   : uart.obj (.const:g_ppui32UARTIntMapSnowflake)
                  00002d20    00000012     uartstdio.obj (.const:.string)
                  00002d32    00000002     --HOLE-- [fill = 0]
                  00002d34    0000000c     uartstdio.obj (.const:g_ui32UARTBase)
                  00002d40    0000000c     uartstdio.obj (.const:g_ui32UARTPeriph)
                  00002d4c    00000004     uartstdio.obj (.const)

.cinit     0    00002d50    00000068     
                  00002d50    0000002e     (.cinit..data.load) [load image, compression = lzss]
                  00002d7e    00000002     --HOLE-- [fill = 0]
                  00002d80    0000000c     (__TI_handler_table)
                  00002d8c    00000004     --HOLE-- [fill = 0]
                  00002d90    00000008     (.cinit..bss.load) [load image, compression = zero_init]
                  00002d98    00000008     (.cinit..vtable.load) [load image, compression = zero_init]
                  00002da0    00000018     (__TI_cinit_table)

.init_array 
*          0    00000000    00000000     UNINITIALIZED

.vtable    0    20000000    0000026c     UNINITIALIZED
                  20000000    0000026c     driverlib.lib : interrupt.obj (.vtable)

.stack     0    2000026c    00000200     UNINITIALIZED
                  2000026c    00000200     --HOLE--

.data      0    2000046c    0000005c     UNINITIALIZED
                  2000046c    00000020     ServoCtl.obj (.data:angle_last$1)
                  2000048c    00000010     main.obj (.data)
                  2000049c    0000000c     rtsv7M4_T_le_v4SPD16_eabi.lib : exit.obj (.data:$O1$$)
                  200004a8    0000000c     main.obj (.data:servoVal)
                  200004b4    00000008     rtsv7M4_T_le_v4SPD16_eabi.lib : _lock.obj (.data:$O1$$)
                  200004bc    00000005     uartstdio.obj (.data)
                  200004c1    00000003     --HOLE--
                  200004c4    00000004     rtsv7M4_T_le_v4SPD16_eabi.lib : stkdepth_vars.obj (.data)

.bss       0    200004c8    0000000c     UNINITIALIZED
                  200004c8    00000004     (.common:pitch)
                  200004cc    00000004     (.common:roll)
                  200004d0    00000004     (.common:yaw)

MODULE SUMMARY

       Module                         code    ro data   rw data
       ------                         ----    -------   -------
    .\
       main.obj                       932     0         40     
       tm4c123gh6pm_startup_ccs.obj   12      620       0      
    +--+------------------------------+-------+---------+---------+
       Total:                         944     620       40     
                                                               
    .\CarCtl\
       car.obj                        736     0         0      
    +--+------------------------------+-------+---------+---------+
       Total:                         736     0         0      
                                                               
    .\ExternSensor\
       sensor.obj                     204     0         0      
    +--+------------------------------+-------+---------+---------+
       Total:                         204     0         0      
                                                               
    .\GPIO\
       GPIO_Init.obj                  160     0         0      
    +--+------------------------------+-------+---------+---------+
       Total:                         160     0         0      
                                                               
    .\I2C\
       I2C_Init.obj                   1130    0         0      
    +--+------------------------------+-------+---------+---------+
       Total:                         1130    0         0      
                                                               
    .\PWM\
       PWM_Init.obj                   1180    0         0      
    +--+------------------------------+-------+---------+---------+
       Total:                         1180    0         0      
                                                               
    .\ServoCtl\
       ServoCtl.obj                   868     0         32     
    +--+------------------------------+-------+---------+---------+
       Total:                         868     0         32     
                                                               
    .\UART\
       uartstdio.obj                  1180    46        5      
       UART_Init.obj                  376     0         0      
    +--+------------------------------+-------+---------+---------+
       Total:                         1556    46        5      
                                                               
    .\delay\
       delay.obj                      144     0         0      
    +--+------------------------------+-------+---------+---------+
       Total:                         144     0         0      
                                                               
    .\timer\
       systemtick.obj                 56      0         0      
    +--+------------------------------+-------+---------+---------+
       Total:                         56      0         0      
                                                               
    D:/CCS/TivaWare_C_Series-2.1.4.178/driverlib/ccs/Debug/driverlib.lib
       interrupt.obj                  188     112       620    
       sysctl.obj                     650     108       0      
       gpio.obj                       546     144       0      
       uart.obj                       286     128       0      
       i2c.obj                        136     0         0      
       pwm.obj                        128     0         0      
       systick.obj                    104     0         0      
       fpu.obj                        32      0         0      
       cpu.obj                        24      0         0      
    +--+------------------------------+-------+---------+---------+
       Total:                         2094    492       620    
                                                               
    D:\CCS\ccsv7\tools\compiler\ti-cgt-arm_16.9.0.LTS\lib\rtsv7M4_T_le_v4SPD16_eabi.lib
       fd_div_t2.obj                  310     0         0      
       memcpy_t2.obj                  156     0         0      
       memset_t2.obj                  122     0         0      
       autoinit.obj                   112     0         0      
       fd_tos_t2.obj                  110     0         0      
       copy_decompress_lzss.obj       104     0         0      
       exit.obj                       84      0         12     
       boot.obj                       84      0         0      
       cpy_tbl.obj                    76      0         0      
       u_divt2.obj                    64      0         0      
       fs_tod_t2.obj                  56      0         0      
       _lock.obj                      20      0         8      
       args_main.obj                  24      0         0      
       copy_decompress_none.obj       14      0         0      
       copy_zero_init.obj             12      0         0      
       pre_init.obj                   4       0         0      
       stkdepth_vars.obj              0       0         4      
       i_div0.obj                     2       0         0      
       mpu_init.obj                   2       0         0      
       startup.obj                    2       0         0      
    +--+------------------------------+-------+---------+---------+
       Total:                         1358    0         24     
                                                               
       Stack:                         0       0         512    
       Linker Generated:              0       98        0      
    +--+------------------------------+-------+---------+---------+
       Grand Total:                   10430   1256      1233   


LINKER GENERATED COPY TABLES

__TI_cinit_table @ 00002da0 records: 3, size/record: 8, table size: 24
	.data: load addr=00002d50, load size=0000002e bytes, run addr=2000046c, run size=0000005c bytes, compression=lzss
	.bss: load addr=00002d90, load size=00000008 bytes, run addr=200004c8, run size=0000000c bytes, compression=zero_init
	.vtable: load addr=00002d98, load size=00000008 bytes, run addr=20000000, run size=0000026c bytes, compression=zero_init


LINKER GENERATED HANDLER TABLE

__TI_handler_table @ 00002d80 records: 3, size/record: 4, table size: 12
	index: 0, handler: __TI_zero_init
	index: 1, handler: __TI_decompress_lzss
	index: 2, handler: __TI_decompress_none


GLOBAL SYMBOLS: SORTED ALPHABETICALLY BY Name 

address   name                           
-------   ----                           
00001fdd  BlackDetect_Init               
000024f5  C$$EXIT                        
00002a8b  CPUcpsid                       
00002a97  CPUcpsie                       
000019ab  CarStop_back                   
00001997  CarStop_forward                
000019d3  CarStop_turnLeft               
000019bf  CarStop_turnRight              
00001833  Car_GoBack                     
000017cb  Car_GoForward                  
00001719  Car_Init                       
0000196b  Car_Stop                       
0000189b  Car_TurnLeft_Stay              
00001903  Car_TurnRight_Stay             
00002a01  FPUEnable                      
00002a11  FPULazyStackingEnable          
00002801  GPIODirModeSet                 
00001ca7  GPIOPadConfigSet               
000025e1  GPIOPinConfigure               
00002b07  GPIOPinRead                    
00002981  GPIOPinTypeGPIOInput           
000028a9  GPIOPinTypeGPIOOutput          
00002993  GPIOPinTypeI2C                 
000029a5  GPIOPinTypeI2CSCL              
000029b7  GPIOPinTypePWM                 
000029c9  GPIOPinTypeUART                
00002b0d  GPIOPinWrite                   
00000ba5  I2C0_Init                      
00000bdf  I2C1_Init                      
00002aef  I2CMasterBusy                  
00002b1f  I2CMasterControl               
00002b23  I2CMasterDataGet               
00002b27  I2CMasterDataPut               
00002ac7  I2CMasterEnable                
000028f1  I2CMasterErr                   
00002549  I2CMasterInitExpClk            
00002af7  I2CMasterSlaveAddrSet          
00000ead  I2CReadRegMultiByte            
00000de5  I2CReadRegOneByte              
00000cb9  I2CWriteRegMultiByte           
00000c21  I2CWriteRegOneByte             
000023d1  IntEnable                      
00001129  IntHandler_SysTick             
00001153  IntHandler_UART1               
000012b9  IntHandler_UART2               
00002a21  IntMasterDisable               
00002a31  IntMasterEnable                
00002799  IntRegister                    
00002107  Key1_Read                      
000020ef  Key1_init                      
00002001  LeftBlack                      
0000207d  MPU6050_correct                
00002039  MiddleBlack                    
00001693  PCA9685_pulse_us_set           
00001607  PCA9685_set_PWM                
00001541  PCA9685_set_freq               
000020a9  PF123_RGB_Init                 
000020b9  PF1_Red_Init                   
000020cb  PF2_Blue_Init                  
000020dd  PF3_Green_Init                 
0000026d  PWM0_0_Init                    
000002d7  PWM0_1_Init                    
00000341  PWM0_2_Init                    
000003ab  PWM0_3_Init                    
00000415  PWM0_4_Init                    
0000047f  PWM0_5_Init                    
000004e9  PWM1_0_Init                    
0000055b  PWM1_1_Init                    
000005cd  PWM1_2_Init                    
0000065d  PWM1_3_Init                    
0000282b  PWMGenConfigure                
00002aa3  PWMGenEnable                   
000029db  PWMGenPeriodGet                
00002a41  PWMGenPeriodSet                
000029ed  PWMOutputState                 
0000286d  PWMPulseWidthSet               
00002abb  ResetISR                       
0000201d  RightBlack                     
UNDEFED   SHT$$INIT_ARRAY$$Base          
UNDEFED   SHT$$INIT_ARRAY$$Limit         
00002055  SideBlack                      
00001dd9  SysCtlClockGet                 
00001ee9  SysCtlClockSet                 
00002b13  SysCtlDelay                    
00002909  SysCtlPWMClockSet              
000027cd  SysCtlPeripheralEnable         
000026f1  SysCtlPeripheralPresent        
0000291d  SysTickDisable                 
00002931  SysTickEnable                  
00002945  SysTickIntEnable               
0000288d  SysTickIntRegister             
00002a51  SysTickPeriodSet               
00002761  SysTick_Init_ms                
000019f9  UART0_Init                     
00001a35  UART0printf                    
00001a63  UART1_Init                     
00002071  UART1_angle_mpu6050_init       
00001ab1  UART1printf                    
00001adf  UART2_Init                     
00002ad1  UARTCharGet                    
00002a61  UARTCharGetNonBlocking         
00002adb  UARTCharPut                    
00002a6f  UARTCharsAvail                 
00002b19  UARTClockSourceSet             
00002629  UARTConfigSetExpClk            
0000284d  UARTDisable                    
00002959  UARTEnable                     
00002b2b  UARTIntClear                   
00002aff  UARTIntEnable                  
000028c1  UARTIntRegister                
00002ae5  UARTIntStatus                  
00000709  UARTStdioConfig                
0000084f  UARTgetc                       
00000795  UARTgets                       
00000b6f  UARTprintf                     
00000875  UARTvprintf                    
0000074f  UARTwrite                      
2000046c  __STACK_END                    
00000200  __STACK_SIZE                   
2000046c  __STACK_TOP                    
00002da0  __TI_CINIT_Base                
00002db8  __TI_CINIT_Limit               
00002d80  __TI_Handler_Table_Base        
00002d8c  __TI_Handler_Table_Limit       
000022f1  __TI_auto_init                 
2000049c  __TI_cleanup_ptr               
00002439  __TI_decompress_lzss           
00002a7d  __TI_decompress_none           
200004a0  __TI_dtors_ptr                 
200004a4  __TI_enable_exit_profile_output
ffffffff  __TI_pprof_out_hndl            
ffffffff  __TI_prof_data_size            
ffffffff  __TI_prof_data_start           
00000000  __TI_static_base__             
00002aaf  __TI_zero_init                 
00002361  __aeabi_d2f                    
00001b71  __aeabi_ddiv                   
00002729  __aeabi_f2d                    
0000100f  __aeabi_idiv0                  
00002275  __aeabi_memclr                 
00002275  __aeabi_memclr4                
00002275  __aeabi_memclr8                
00002149  __aeabi_memcpy                 
00002149  __aeabi_memcpy4                
00002149  __aeabi_memcpy8                
00002277  __aeabi_memset                 
00002277  __aeabi_memset4                
00002277  __aeabi_memset8                
000026b1  __aeabi_uidiv                  
000026b1  __aeabi_uidivmod               
ffffffff  __binit__                      
ffffffff  __c_args__                     
000022ef  __mpu_init                     
2000026c  __stack                        
000028d9  _args_main                     
000024a1  _c_int00                       
200004b4  _lock                          
0000297b  _nop                           
00002973  _register_lock                 
0000296d  _register_unlock               
000023cf  _system_post_cinit             
00002b2f  _system_pre_init               
200004b8  _unlock                        
000024f9  abort                          
ffffffff  binit                          
00001773  car_goto_n_black_line          
00001731  car_patrol_line                
00002595  copy_in                        
20000495  count_enter                    
00002213  delay_ms                       
00002243  delay_ns                       
000021e5  delay_s                        
00002501  exit                           
20000490  forward_speed                  
20000000  g_pfnRAMVectors                
00000000  g_pfnVectors                   
000014bb  goto_pos_1_middle              
000013f3  hand_set_servo                 
00001011  main                           
200004c4  main_func_sp                   
00002149  memcpy                         
0000227d  memset                         
000016db  pca9685_reg_read               
000016bf  pca9685_reg_write              
200004c8  pitch                          
200004cc  roll                           
20000494  servoUpdate                    
200004a8  servoVal                       
0000148b  servo_all_update               
000013b5  servo_init                     
0000140b  servo_n_angle_set              
00002125  system_waitKey                 
2000048c  turn_speed                     
200004d0  yaw                            


GLOBAL SYMBOLS: SORTED BY Symbol Address 

address   name                           
-------   ----                           
00000000  __TI_static_base__             
00000000  g_pfnVectors                   
00000200  __STACK_SIZE                   
0000026d  PWM0_0_Init                    
000002d7  PWM0_1_Init                    
00000341  PWM0_2_Init                    
000003ab  PWM0_3_Init                    
00000415  PWM0_4_Init                    
0000047f  PWM0_5_Init                    
000004e9  PWM1_0_Init                    
0000055b  PWM1_1_Init                    
000005cd  PWM1_2_Init                    
0000065d  PWM1_3_Init                    
00000709  UARTStdioConfig                
0000074f  UARTwrite                      
00000795  UARTgets                       
0000084f  UARTgetc                       
00000875  UARTvprintf                    
00000b6f  UARTprintf                     
00000ba5  I2C0_Init                      
00000bdf  I2C1_Init                      
00000c21  I2CWriteRegOneByte             
00000cb9  I2CWriteRegMultiByte           
00000de5  I2CReadRegOneByte              
00000ead  I2CReadRegMultiByte            
0000100f  __aeabi_idiv0                  
00001011  main                           
00001129  IntHandler_SysTick             
00001153  IntHandler_UART1               
000012b9  IntHandler_UART2               
000013b5  servo_init                     
000013f3  hand_set_servo                 
0000140b  servo_n_angle_set              
0000148b  servo_all_update               
000014bb  goto_pos_1_middle              
00001541  PCA9685_set_freq               
00001607  PCA9685_set_PWM                
00001693  PCA9685_pulse_us_set           
000016bf  pca9685_reg_write              
000016db  pca9685_reg_read               
00001719  Car_Init                       
00001731  car_patrol_line                
00001773  car_goto_n_black_line          
000017cb  Car_GoForward                  
00001833  Car_GoBack                     
0000189b  Car_TurnLeft_Stay              
00001903  Car_TurnRight_Stay             
0000196b  Car_Stop                       
00001997  CarStop_forward                
000019ab  CarStop_back                   
000019bf  CarStop_turnRight              
000019d3  CarStop_turnLeft               
000019f9  UART0_Init                     
00001a35  UART0printf                    
00001a63  UART1_Init                     
00001ab1  UART1printf                    
00001adf  UART2_Init                     
00001b71  __aeabi_ddiv                   
00001ca7  GPIOPadConfigSet               
00001dd9  SysCtlClockGet                 
00001ee9  SysCtlClockSet                 
00001fdd  BlackDetect_Init               
00002001  LeftBlack                      
0000201d  RightBlack                     
00002039  MiddleBlack                    
00002055  SideBlack                      
00002071  UART1_angle_mpu6050_init       
0000207d  MPU6050_correct                
000020a9  PF123_RGB_Init                 
000020b9  PF1_Red_Init                   
000020cb  PF2_Blue_Init                  
000020dd  PF3_Green_Init                 
000020ef  Key1_init                      
00002107  Key1_Read                      
00002125  system_waitKey                 
00002149  __aeabi_memcpy                 
00002149  __aeabi_memcpy4                
00002149  __aeabi_memcpy8                
00002149  memcpy                         
000021e5  delay_s                        
00002213  delay_ms                       
00002243  delay_ns                       
00002275  __aeabi_memclr                 
00002275  __aeabi_memclr4                
00002275  __aeabi_memclr8                
00002277  __aeabi_memset                 
00002277  __aeabi_memset4                
00002277  __aeabi_memset8                
0000227d  memset                         
000022ef  __mpu_init                     
000022f1  __TI_auto_init                 
00002361  __aeabi_d2f                    
000023cf  _system_post_cinit             
000023d1  IntEnable                      
00002439  __TI_decompress_lzss           
000024a1  _c_int00                       
000024f5  C$$EXIT                        
000024f9  abort                          
00002501  exit                           
00002549  I2CMasterInitExpClk            
00002595  copy_in                        
000025e1  GPIOPinConfigure               
00002629  UARTConfigSetExpClk            
000026b1  __aeabi_uidiv                  
000026b1  __aeabi_uidivmod               
000026f1  SysCtlPeripheralPresent        
00002729  __aeabi_f2d                    
00002761  SysTick_Init_ms                
00002799  IntRegister                    
000027cd  SysCtlPeripheralEnable         
00002801  GPIODirModeSet                 
0000282b  PWMGenConfigure                
0000284d  UARTDisable                    
0000286d  PWMPulseWidthSet               
0000288d  SysTickIntRegister             
000028a9  GPIOPinTypeGPIOOutput          
000028c1  UARTIntRegister                
000028d9  _args_main                     
000028f1  I2CMasterErr                   
00002909  SysCtlPWMClockSet              
0000291d  SysTickDisable                 
00002931  SysTickEnable                  
00002945  SysTickIntEnable               
00002959  UARTEnable                     
0000296d  _register_unlock               
00002973  _register_lock                 
0000297b  _nop                           
00002981  GPIOPinTypeGPIOInput           
00002993  GPIOPinTypeI2C                 
000029a5  GPIOPinTypeI2CSCL              
000029b7  GPIOPinTypePWM                 
000029c9  GPIOPinTypeUART                
000029db  PWMGenPeriodGet                
000029ed  PWMOutputState                 
00002a01  FPUEnable                      
00002a11  FPULazyStackingEnable          
00002a21  IntMasterDisable               
00002a31  IntMasterEnable                
00002a41  PWMGenPeriodSet                
00002a51  SysTickPeriodSet               
00002a61  UARTCharGetNonBlocking         
00002a6f  UARTCharsAvail                 
00002a7d  __TI_decompress_none           
00002a8b  CPUcpsid                       
00002a97  CPUcpsie                       
00002aa3  PWMGenEnable                   
00002aaf  __TI_zero_init                 
00002abb  ResetISR                       
00002ac7  I2CMasterEnable                
00002ad1  UARTCharGet                    
00002adb  UARTCharPut                    
00002ae5  UARTIntStatus                  
00002aef  I2CMasterBusy                  
00002af7  I2CMasterSlaveAddrSet          
00002aff  UARTIntEnable                  
00002b07  GPIOPinRead                    
00002b0d  GPIOPinWrite                   
00002b13  SysCtlDelay                    
00002b19  UARTClockSourceSet             
00002b1f  I2CMasterControl               
00002b23  I2CMasterDataGet               
00002b27  I2CMasterDataPut               
00002b2b  UARTIntClear                   
00002b2f  _system_pre_init               
00002d80  __TI_Handler_Table_Base        
00002d8c  __TI_Handler_Table_Limit       
00002da0  __TI_CINIT_Base                
00002db8  __TI_CINIT_Limit               
20000000  g_pfnRAMVectors                
2000026c  __stack                        
2000046c  __STACK_END                    
2000046c  __STACK_TOP                    
2000048c  turn_speed                     
20000490  forward_speed                  
20000494  servoUpdate                    
20000495  count_enter                    
2000049c  __TI_cleanup_ptr               
200004a0  __TI_dtors_ptr                 
200004a4  __TI_enable_exit_profile_output
200004a8  servoVal                       
200004b4  _lock                          
200004b8  _unlock                        
200004c4  main_func_sp                   
200004c8  pitch                          
200004cc  roll                           
200004d0  yaw                            
ffffffff  __TI_pprof_out_hndl            
ffffffff  __TI_prof_data_size            
ffffffff  __TI_prof_data_start           
ffffffff  __binit__                      
ffffffff  __c_args__                     
ffffffff  binit                          
UNDEFED   SHT$$INIT_ARRAY$$Base          
UNDEFED   SHT$$INIT_ARRAY$$Limit         

[194 symbols]
